
*** Running vivado
    with args -log design_pynq_CHOICE_PUF_gen_0_0.vds -m64 -product Vivado -mode batch -messageDb vivado.pb -notrace -source design_pynq_CHOICE_PUF_gen_0_0.tcl


ECHO is off.
ECHO is off.

****** Vivado v2023.2 (64-bit)
  **** SW Build 4029153 on Fri Oct 13 20:14:34 MDT 2023
  **** IP Build 4028589 on Sat Oct 14 00:45:43 MDT 2023
  **** SharedData Build 4025554 on Tue Oct 10 17:18:54 MDT 2023
    ** Copyright 1986-2022 Xilinx, Inc. All Rights Reserved.
    ** Copyright 2022-2023 Advanced Micro Devices, Inc. All Rights Reserved.

source design_pynq_CHOICE_PUF_gen_0_0.tcl -notrace
create_project: Time (s): cpu = 00:00:07 ; elapsed = 00:00:08 . Memory (MB): peak = 485.492 ; gain = 184.109
INFO: [IP_Flow 19-234] Refreshing IP repositories
INFO: [IP_Flow 19-1700] Loaded user IP repository 'c:/FPGA/CHOICE-PUF/hw_src/ip_repo'.
INFO: [IP_Flow 19-2313] Loaded Vivado IP repository 'C:/Xilinx/Vivado/2023.2/data/ip'.
INFO: [IP_Flow 19-6924] IPCACHE: Running cache check for IP inst: design_pynq_CHOICE_PUF_gen_0_0
Command: synth_design -top design_pynq_CHOICE_PUF_gen_0_0 -part xc7z020clg400-1 -incremental_mode off -mode out_of_context
Starting synth_design
Attempting to get a license for feature 'Synthesis' and/or device 'xc7z020'
INFO: [Common 17-349] Got license for feature 'Synthesis' and/or device 'xc7z020'
INFO: [Device 21-403] Loading part xc7z020clg400-1
INFO: [Synth 8-7079] Multithreading enabled for synth_design using a maximum of 2 processes.
INFO: [Synth 8-7078] Launching helper process for spawning children vivado processes
INFO: [Synth 8-7075] Helper process launched with PID 28780
---------------------------------------------------------------------------------
Starting RTL Elaboration : Time (s): cpu = 00:00:07 ; elapsed = 00:00:07 . Memory (MB): peak = 1358.547 ; gain = 440.520
---------------------------------------------------------------------------------
INFO: [Synth 8-638] synthesizing module 'design_pynq_CHOICE_PUF_gen_0_0' [c:/FPGA/CHOICE-PUF/CHOICE_design/CHOICE_design.gen/sources_1/bd/design_pynq/ip/design_pynq_CHOICE_PUF_gen_0_0/synth/design_pynq_CHOICE_PUF_gen_0_0.vhd:67]
	Parameter PUF_WIDTH bound to: 128 - type: integer 
INFO: [Synth 8-3491] module 'CHOICE_PUF_gen' declared at 'C:/FPGA/CHOICE-PUF/hw_src/hdl/CHOICE_PUF_gen.vhd:6' bound to instance 'U0' of component 'CHOICE_PUF_gen' [c:/FPGA/CHOICE-PUF/CHOICE_design/CHOICE_design.gen/sources_1/bd/design_pynq/ip/design_pynq_CHOICE_PUF_gen_0_0/synth/design_pynq_CHOICE_PUF_gen_0_0.vhd:98]
INFO: [Synth 8-638] synthesizing module 'CHOICE_PUF_gen' [C:/FPGA/CHOICE-PUF/hw_src/hdl/CHOICE_PUF_gen.vhd:20]
INFO: [Synth 8-3491] module 'CHOICE_PUF' declared at 'C:/FPGA/CHOICE-PUF/hw_src/hdl/CHOICE_PUF.vhd:8' bound to instance 'PUF' of component 'Choice_PUF' [C:/FPGA/CHOICE-PUF/hw_src/hdl/CHOICE_PUF_gen.vhd:35]
INFO: [Synth 8-638] synthesizing module 'CHOICE_PUF' [C:/FPGA/CHOICE-PUF/hw_src/hdl/CHOICE_PUF.vhd:19]
	Parameter INIT bound to: 32'b00000000000000000000000000000000 
INFO: [Synth 8-113] binding component instance 'SRLC32E_inst_3' to cell 'SRLC32E' [C:/FPGA/CHOICE-PUF/hw_src/hdl/CHOICE_PUF.vhd:32]
	Parameter INIT bound to: 32'b00000000000000000000000000000000 
INFO: [Synth 8-113] binding component instance 'SRLC32E_inst_2' to cell 'SRLC32E' [C:/FPGA/CHOICE-PUF/hw_src/hdl/CHOICE_PUF.vhd:45]
	Parameter INIT bound to: 32'b00000000000000000000000000000000 
INFO: [Synth 8-113] binding component instance 'SRLC32E_inst_1' to cell 'SRLC32E' [C:/FPGA/CHOICE-PUF/hw_src/hdl/CHOICE_PUF.vhd:58]
	Parameter INIT bound to: 32'b00000000000000000000000000000000 
INFO: [Synth 8-113] binding component instance 'SRLC32E_inst_0' to cell 'SRLC32E' [C:/FPGA/CHOICE-PUF/hw_src/hdl/CHOICE_PUF.vhd:71]
INFO: [Synth 8-113] binding component instance 'CARRY4_inst' to cell 'CARRY4' [C:/FPGA/CHOICE-PUF/hw_src/hdl/CHOICE_PUF.vhd:86]
	Parameter INIT bound to: 1'b0 
INFO: [Synth 8-113] binding component instance 'FDCPE_inst' to cell 'FDPE' [C:/FPGA/CHOICE-PUF/hw_src/hdl/CHOICE_PUF.vhd:100]
INFO: [Synth 8-256] done synthesizing module 'CHOICE_PUF' (0#1) [C:/FPGA/CHOICE-PUF/hw_src/hdl/CHOICE_PUF.vhd:19]
INFO: [Synth 8-3491] module 'CHOICE_PUF' declared at 'C:/FPGA/CHOICE-PUF/hw_src/hdl/CHOICE_PUF.vhd:8' bound to instance 'PUF' of component 'Choice_PUF' [C:/FPGA/CHOICE-PUF/hw_src/hdl/CHOICE_PUF_gen.vhd:35]
INFO: [Synth 8-3491] module 'CHOICE_PUF' declared at 'C:/FPGA/CHOICE-PUF/hw_src/hdl/CHOICE_PUF.vhd:8' bound to instance 'PUF' of component 'Choice_PUF' [C:/FPGA/CHOICE-PUF/hw_src/hdl/CHOICE_PUF_gen.vhd:35]
INFO: [Synth 8-3491] module 'CHOICE_PUF' declared at 'C:/FPGA/CHOICE-PUF/hw_src/hdl/CHOICE_PUF.vhd:8' bound to instance 'PUF' of component 'Choice_PUF' [C:/FPGA/CHOICE-PUF/hw_src/hdl/CHOICE_PUF_gen.vhd:35]
INFO: [Synth 8-3491] module 'CHOICE_PUF' declared at 'C:/FPGA/CHOICE-PUF/hw_src/hdl/CHOICE_PUF.vhd:8' bound to instance 'PUF' of component 'Choice_PUF' [C:/FPGA/CHOICE-PUF/hw_src/hdl/CHOICE_PUF_gen.vhd:35]
INFO: [Synth 8-3491] module 'CHOICE_PUF' declared at 'C:/FPGA/CHOICE-PUF/hw_src/hdl/CHOICE_PUF.vhd:8' bound to instance 'PUF' of component 'Choice_PUF' [C:/FPGA/CHOICE-PUF/hw_src/hdl/CHOICE_PUF_gen.vhd:35]
INFO: [Synth 8-3491] module 'CHOICE_PUF' declared at 'C:/FPGA/CHOICE-PUF/hw_src/hdl/CHOICE_PUF.vhd:8' bound to instance 'PUF' of component 'Choice_PUF' [C:/FPGA/CHOICE-PUF/hw_src/hdl/CHOICE_PUF_gen.vhd:35]
INFO: [Synth 8-3491] module 'CHOICE_PUF' declared at 'C:/FPGA/CHOICE-PUF/hw_src/hdl/CHOICE_PUF.vhd:8' bound to instance 'PUF' of component 'Choice_PUF' [C:/FPGA/CHOICE-PUF/hw_src/hdl/CHOICE_PUF_gen.vhd:35]
INFO: [Synth 8-3491] module 'CHOICE_PUF' declared at 'C:/FPGA/CHOICE-PUF/hw_src/hdl/CHOICE_PUF.vhd:8' bound to instance 'PUF' of component 'Choice_PUF' [C:/FPGA/CHOICE-PUF/hw_src/hdl/CHOICE_PUF_gen.vhd:35]
INFO: [Synth 8-3491] module 'CHOICE_PUF' declared at 'C:/FPGA/CHOICE-PUF/hw_src/hdl/CHOICE_PUF.vhd:8' bound to instance 'PUF' of component 'Choice_PUF' [C:/FPGA/CHOICE-PUF/hw_src/hdl/CHOICE_PUF_gen.vhd:35]
INFO: [Synth 8-3491] module 'CHOICE_PUF' declared at 'C:/FPGA/CHOICE-PUF/hw_src/hdl/CHOICE_PUF.vhd:8' bound to instance 'PUF' of component 'Choice_PUF' [C:/FPGA/CHOICE-PUF/hw_src/hdl/CHOICE_PUF_gen.vhd:35]
INFO: [Synth 8-3491] module 'CHOICE_PUF' declared at 'C:/FPGA/CHOICE-PUF/hw_src/hdl/CHOICE_PUF.vhd:8' bound to instance 'PUF' of component 'Choice_PUF' [C:/FPGA/CHOICE-PUF/hw_src/hdl/CHOICE_PUF_gen.vhd:35]
INFO: [Synth 8-3491] module 'CHOICE_PUF' declared at 'C:/FPGA/CHOICE-PUF/hw_src/hdl/CHOICE_PUF.vhd:8' bound to instance 'PUF' of component 'Choice_PUF' [C:/FPGA/CHOICE-PUF/hw_src/hdl/CHOICE_PUF_gen.vhd:35]
INFO: [Synth 8-3491] module 'CHOICE_PUF' declared at 'C:/FPGA/CHOICE-PUF/hw_src/hdl/CHOICE_PUF.vhd:8' bound to instance 'PUF' of component 'Choice_PUF' [C:/FPGA/CHOICE-PUF/hw_src/hdl/CHOICE_PUF_gen.vhd:35]
INFO: [Synth 8-3491] module 'CHOICE_PUF' declared at 'C:/FPGA/CHOICE-PUF/hw_src/hdl/CHOICE_PUF.vhd:8' bound to instance 'PUF' of component 'Choice_PUF' [C:/FPGA/CHOICE-PUF/hw_src/hdl/CHOICE_PUF_gen.vhd:35]
INFO: [Synth 8-3491] module 'CHOICE_PUF' declared at 'C:/FPGA/CHOICE-PUF/hw_src/hdl/CHOICE_PUF.vhd:8' bound to instance 'PUF' of component 'Choice_PUF' [C:/FPGA/CHOICE-PUF/hw_src/hdl/CHOICE_PUF_gen.vhd:35]
INFO: [Synth 8-3491] module 'CHOICE_PUF' declared at 'C:/FPGA/CHOICE-PUF/hw_src/hdl/CHOICE_PUF.vhd:8' bound to instance 'PUF' of component 'Choice_PUF' [C:/FPGA/CHOICE-PUF/hw_src/hdl/CHOICE_PUF_gen.vhd:35]
INFO: [Synth 8-3491] module 'CHOICE_PUF' declared at 'C:/FPGA/CHOICE-PUF/hw_src/hdl/CHOICE_PUF.vhd:8' bound to instance 'PUF' of component 'Choice_PUF' [C:/FPGA/CHOICE-PUF/hw_src/hdl/CHOICE_PUF_gen.vhd:35]
INFO: [Synth 8-3491] module 'CHOICE_PUF' declared at 'C:/FPGA/CHOICE-PUF/hw_src/hdl/CHOICE_PUF.vhd:8' bound to instance 'PUF' of component 'Choice_PUF' [C:/FPGA/CHOICE-PUF/hw_src/hdl/CHOICE_PUF_gen.vhd:35]
INFO: [Synth 8-3491] module 'CHOICE_PUF' declared at 'C:/FPGA/CHOICE-PUF/hw_src/hdl/CHOICE_PUF.vhd:8' bound to instance 'PUF' of component 'Choice_PUF' [C:/FPGA/CHOICE-PUF/hw_src/hdl/CHOICE_PUF_gen.vhd:35]
INFO: [Synth 8-3491] module 'CHOICE_PUF' declared at 'C:/FPGA/CHOICE-PUF/hw_src/hdl/CHOICE_PUF.vhd:8' bound to instance 'PUF' of component 'Choice_PUF' [C:/FPGA/CHOICE-PUF/hw_src/hdl/CHOICE_PUF_gen.vhd:35]
INFO: [Synth 8-3491] module 'CHOICE_PUF' declared at 'C:/FPGA/CHOICE-PUF/hw_src/hdl/CHOICE_PUF.vhd:8' bound to instance 'PUF' of component 'Choice_PUF' [C:/FPGA/CHOICE-PUF/hw_src/hdl/CHOICE_PUF_gen.vhd:35]
INFO: [Synth 8-3491] module 'CHOICE_PUF' declared at 'C:/FPGA/CHOICE-PUF/hw_src/hdl/CHOICE_PUF.vhd:8' bound to instance 'PUF' of component 'Choice_PUF' [C:/FPGA/CHOICE-PUF/hw_src/hdl/CHOICE_PUF_gen.vhd:35]
INFO: [Synth 8-3491] module 'CHOICE_PUF' declared at 'C:/FPGA/CHOICE-PUF/hw_src/hdl/CHOICE_PUF.vhd:8' bound to instance 'PUF' of component 'Choice_PUF' [C:/FPGA/CHOICE-PUF/hw_src/hdl/CHOICE_PUF_gen.vhd:35]
INFO: [Synth 8-3491] module 'CHOICE_PUF' declared at 'C:/FPGA/CHOICE-PUF/hw_src/hdl/CHOICE_PUF.vhd:8' bound to instance 'PUF' of component 'Choice_PUF' [C:/FPGA/CHOICE-PUF/hw_src/hdl/CHOICE_PUF_gen.vhd:35]
INFO: [Synth 8-3491] module 'CHOICE_PUF' declared at 'C:/FPGA/CHOICE-PUF/hw_src/hdl/CHOICE_PUF.vhd:8' bound to instance 'PUF' of component 'Choice_PUF' [C:/FPGA/CHOICE-PUF/hw_src/hdl/CHOICE_PUF_gen.vhd:35]
INFO: [Synth 8-3491] module 'CHOICE_PUF' declared at 'C:/FPGA/CHOICE-PUF/hw_src/hdl/CHOICE_PUF.vhd:8' bound to instance 'PUF' of component 'Choice_PUF' [C:/FPGA/CHOICE-PUF/hw_src/hdl/CHOICE_PUF_gen.vhd:35]
INFO: [Synth 8-3491] module 'CHOICE_PUF' declared at 'C:/FPGA/CHOICE-PUF/hw_src/hdl/CHOICE_PUF.vhd:8' bound to instance 'PUF' of component 'Choice_PUF' [C:/FPGA/CHOICE-PUF/hw_src/hdl/CHOICE_PUF_gen.vhd:35]
INFO: [Synth 8-3491] module 'CHOICE_PUF' declared at 'C:/FPGA/CHOICE-PUF/hw_src/hdl/CHOICE_PUF.vhd:8' bound to instance 'PUF' of component 'Choice_PUF' [C:/FPGA/CHOICE-PUF/hw_src/hdl/CHOICE_PUF_gen.vhd:35]
INFO: [Synth 8-3491] module 'CHOICE_PUF' declared at 'C:/FPGA/CHOICE-PUF/hw_src/hdl/CHOICE_PUF.vhd:8' bound to instance 'PUF' of component 'Choice_PUF' [C:/FPGA/CHOICE-PUF/hw_src/hdl/CHOICE_PUF_gen.vhd:35]
INFO: [Synth 8-3491] module 'CHOICE_PUF' declared at 'C:/FPGA/CHOICE-PUF/hw_src/hdl/CHOICE_PUF.vhd:8' bound to instance 'PUF' of component 'Choice_PUF' [C:/FPGA/CHOICE-PUF/hw_src/hdl/CHOICE_PUF_gen.vhd:35]
INFO: [Synth 8-3491] module 'CHOICE_PUF' declared at 'C:/FPGA/CHOICE-PUF/hw_src/hdl/CHOICE_PUF.vhd:8' bound to instance 'PUF' of component 'Choice_PUF' [C:/FPGA/CHOICE-PUF/hw_src/hdl/CHOICE_PUF_gen.vhd:35]
INFO: [Synth 8-3491] module 'CHOICE_PUF' declared at 'C:/FPGA/CHOICE-PUF/hw_src/hdl/CHOICE_PUF.vhd:8' bound to instance 'PUF' of component 'Choice_PUF' [C:/FPGA/CHOICE-PUF/hw_src/hdl/CHOICE_PUF_gen.vhd:35]
INFO: [Synth 8-3491] module 'CHOICE_PUF' declared at 'C:/FPGA/CHOICE-PUF/hw_src/hdl/CHOICE_PUF.vhd:8' bound to instance 'PUF' of component 'Choice_PUF' [C:/FPGA/CHOICE-PUF/hw_src/hdl/CHOICE_PUF_gen.vhd:35]
INFO: [Synth 8-3491] module 'CHOICE_PUF' declared at 'C:/FPGA/CHOICE-PUF/hw_src/hdl/CHOICE_PUF.vhd:8' bound to instance 'PUF' of component 'Choice_PUF' [C:/FPGA/CHOICE-PUF/hw_src/hdl/CHOICE_PUF_gen.vhd:35]
INFO: [Synth 8-3491] module 'CHOICE_PUF' declared at 'C:/FPGA/CHOICE-PUF/hw_src/hdl/CHOICE_PUF.vhd:8' bound to instance 'PUF' of component 'Choice_PUF' [C:/FPGA/CHOICE-PUF/hw_src/hdl/CHOICE_PUF_gen.vhd:35]
INFO: [Synth 8-3491] module 'CHOICE_PUF' declared at 'C:/FPGA/CHOICE-PUF/hw_src/hdl/CHOICE_PUF.vhd:8' bound to instance 'PUF' of component 'Choice_PUF' [C:/FPGA/CHOICE-PUF/hw_src/hdl/CHOICE_PUF_gen.vhd:35]
INFO: [Synth 8-3491] module 'CHOICE_PUF' declared at 'C:/FPGA/CHOICE-PUF/hw_src/hdl/CHOICE_PUF.vhd:8' bound to instance 'PUF' of component 'Choice_PUF' [C:/FPGA/CHOICE-PUF/hw_src/hdl/CHOICE_PUF_gen.vhd:35]
INFO: [Synth 8-3491] module 'CHOICE_PUF' declared at 'C:/FPGA/CHOICE-PUF/hw_src/hdl/CHOICE_PUF.vhd:8' bound to instance 'PUF' of component 'Choice_PUF' [C:/FPGA/CHOICE-PUF/hw_src/hdl/CHOICE_PUF_gen.vhd:35]
INFO: [Synth 8-3491] module 'CHOICE_PUF' declared at 'C:/FPGA/CHOICE-PUF/hw_src/hdl/CHOICE_PUF.vhd:8' bound to instance 'PUF' of component 'Choice_PUF' [C:/FPGA/CHOICE-PUF/hw_src/hdl/CHOICE_PUF_gen.vhd:35]
INFO: [Synth 8-3491] module 'CHOICE_PUF' declared at 'C:/FPGA/CHOICE-PUF/hw_src/hdl/CHOICE_PUF.vhd:8' bound to instance 'PUF' of component 'Choice_PUF' [C:/FPGA/CHOICE-PUF/hw_src/hdl/CHOICE_PUF_gen.vhd:35]
INFO: [Synth 8-3491] module 'CHOICE_PUF' declared at 'C:/FPGA/CHOICE-PUF/hw_src/hdl/CHOICE_PUF.vhd:8' bound to instance 'PUF' of component 'Choice_PUF' [C:/FPGA/CHOICE-PUF/hw_src/hdl/CHOICE_PUF_gen.vhd:35]
INFO: [Synth 8-3491] module 'CHOICE_PUF' declared at 'C:/FPGA/CHOICE-PUF/hw_src/hdl/CHOICE_PUF.vhd:8' bound to instance 'PUF' of component 'Choice_PUF' [C:/FPGA/CHOICE-PUF/hw_src/hdl/CHOICE_PUF_gen.vhd:35]
INFO: [Synth 8-3491] module 'CHOICE_PUF' declared at 'C:/FPGA/CHOICE-PUF/hw_src/hdl/CHOICE_PUF.vhd:8' bound to instance 'PUF' of component 'Choice_PUF' [C:/FPGA/CHOICE-PUF/hw_src/hdl/CHOICE_PUF_gen.vhd:35]
INFO: [Synth 8-3491] module 'CHOICE_PUF' declared at 'C:/FPGA/CHOICE-PUF/hw_src/hdl/CHOICE_PUF.vhd:8' bound to instance 'PUF' of component 'Choice_PUF' [C:/FPGA/CHOICE-PUF/hw_src/hdl/CHOICE_PUF_gen.vhd:35]
INFO: [Synth 8-3491] module 'CHOICE_PUF' declared at 'C:/FPGA/CHOICE-PUF/hw_src/hdl/CHOICE_PUF.vhd:8' bound to instance 'PUF' of component 'Choice_PUF' [C:/FPGA/CHOICE-PUF/hw_src/hdl/CHOICE_PUF_gen.vhd:35]
INFO: [Synth 8-3491] module 'CHOICE_PUF' declared at 'C:/FPGA/CHOICE-PUF/hw_src/hdl/CHOICE_PUF.vhd:8' bound to instance 'PUF' of component 'Choice_PUF' [C:/FPGA/CHOICE-PUF/hw_src/hdl/CHOICE_PUF_gen.vhd:35]
INFO: [Synth 8-3491] module 'CHOICE_PUF' declared at 'C:/FPGA/CHOICE-PUF/hw_src/hdl/CHOICE_PUF.vhd:8' bound to instance 'PUF' of component 'Choice_PUF' [C:/FPGA/CHOICE-PUF/hw_src/hdl/CHOICE_PUF_gen.vhd:35]
INFO: [Synth 8-3491] module 'CHOICE_PUF' declared at 'C:/FPGA/CHOICE-PUF/hw_src/hdl/CHOICE_PUF.vhd:8' bound to instance 'PUF' of component 'Choice_PUF' [C:/FPGA/CHOICE-PUF/hw_src/hdl/CHOICE_PUF_gen.vhd:35]
INFO: [Synth 8-3491] module 'CHOICE_PUF' declared at 'C:/FPGA/CHOICE-PUF/hw_src/hdl/CHOICE_PUF.vhd:8' bound to instance 'PUF' of component 'Choice_PUF' [C:/FPGA/CHOICE-PUF/hw_src/hdl/CHOICE_PUF_gen.vhd:35]
INFO: [Synth 8-3491] module 'CHOICE_PUF' declared at 'C:/FPGA/CHOICE-PUF/hw_src/hdl/CHOICE_PUF.vhd:8' bound to instance 'PUF' of component 'Choice_PUF' [C:/FPGA/CHOICE-PUF/hw_src/hdl/CHOICE_PUF_gen.vhd:35]
INFO: [Synth 8-3491] module 'CHOICE_PUF' declared at 'C:/FPGA/CHOICE-PUF/hw_src/hdl/CHOICE_PUF.vhd:8' bound to instance 'PUF' of component 'Choice_PUF' [C:/FPGA/CHOICE-PUF/hw_src/hdl/CHOICE_PUF_gen.vhd:35]
INFO: [Synth 8-3491] module 'CHOICE_PUF' declared at 'C:/FPGA/CHOICE-PUF/hw_src/hdl/CHOICE_PUF.vhd:8' bound to instance 'PUF' of component 'Choice_PUF' [C:/FPGA/CHOICE-PUF/hw_src/hdl/CHOICE_PUF_gen.vhd:35]
INFO: [Synth 8-3491] module 'CHOICE_PUF' declared at 'C:/FPGA/CHOICE-PUF/hw_src/hdl/CHOICE_PUF.vhd:8' bound to instance 'PUF' of component 'Choice_PUF' [C:/FPGA/CHOICE-PUF/hw_src/hdl/CHOICE_PUF_gen.vhd:35]
INFO: [Synth 8-3491] module 'CHOICE_PUF' declared at 'C:/FPGA/CHOICE-PUF/hw_src/hdl/CHOICE_PUF.vhd:8' bound to instance 'PUF' of component 'Choice_PUF' [C:/FPGA/CHOICE-PUF/hw_src/hdl/CHOICE_PUF_gen.vhd:35]
INFO: [Synth 8-3491] module 'CHOICE_PUF' declared at 'C:/FPGA/CHOICE-PUF/hw_src/hdl/CHOICE_PUF.vhd:8' bound to instance 'PUF' of component 'Choice_PUF' [C:/FPGA/CHOICE-PUF/hw_src/hdl/CHOICE_PUF_gen.vhd:35]
INFO: [Synth 8-3491] module 'CHOICE_PUF' declared at 'C:/FPGA/CHOICE-PUF/hw_src/hdl/CHOICE_PUF.vhd:8' bound to instance 'PUF' of component 'Choice_PUF' [C:/FPGA/CHOICE-PUF/hw_src/hdl/CHOICE_PUF_gen.vhd:35]
INFO: [Synth 8-3491] module 'CHOICE_PUF' declared at 'C:/FPGA/CHOICE-PUF/hw_src/hdl/CHOICE_PUF.vhd:8' bound to instance 'PUF' of component 'Choice_PUF' [C:/FPGA/CHOICE-PUF/hw_src/hdl/CHOICE_PUF_gen.vhd:35]
INFO: [Synth 8-3491] module 'CHOICE_PUF' declared at 'C:/FPGA/CHOICE-PUF/hw_src/hdl/CHOICE_PUF.vhd:8' bound to instance 'PUF' of component 'Choice_PUF' [C:/FPGA/CHOICE-PUF/hw_src/hdl/CHOICE_PUF_gen.vhd:35]
INFO: [Synth 8-3491] module 'CHOICE_PUF' declared at 'C:/FPGA/CHOICE-PUF/hw_src/hdl/CHOICE_PUF.vhd:8' bound to instance 'PUF' of component 'Choice_PUF' [C:/FPGA/CHOICE-PUF/hw_src/hdl/CHOICE_PUF_gen.vhd:35]
INFO: [Synth 8-3491] module 'CHOICE_PUF' declared at 'C:/FPGA/CHOICE-PUF/hw_src/hdl/CHOICE_PUF.vhd:8' bound to instance 'PUF' of component 'Choice_PUF' [C:/FPGA/CHOICE-PUF/hw_src/hdl/CHOICE_PUF_gen.vhd:35]
INFO: [Synth 8-3491] module 'CHOICE_PUF' declared at 'C:/FPGA/CHOICE-PUF/hw_src/hdl/CHOICE_PUF.vhd:8' bound to instance 'PUF' of component 'Choice_PUF' [C:/FPGA/CHOICE-PUF/hw_src/hdl/CHOICE_PUF_gen.vhd:35]
INFO: [Synth 8-3491] module 'CHOICE_PUF' declared at 'C:/FPGA/CHOICE-PUF/hw_src/hdl/CHOICE_PUF.vhd:8' bound to instance 'PUF' of component 'Choice_PUF' [C:/FPGA/CHOICE-PUF/hw_src/hdl/CHOICE_PUF_gen.vhd:35]
INFO: [Synth 8-3491] module 'CHOICE_PUF' declared at 'C:/FPGA/CHOICE-PUF/hw_src/hdl/CHOICE_PUF.vhd:8' bound to instance 'PUF' of component 'Choice_PUF' [C:/FPGA/CHOICE-PUF/hw_src/hdl/CHOICE_PUF_gen.vhd:35]
INFO: [Synth 8-3491] module 'CHOICE_PUF' declared at 'C:/FPGA/CHOICE-PUF/hw_src/hdl/CHOICE_PUF.vhd:8' bound to instance 'PUF' of component 'Choice_PUF' [C:/FPGA/CHOICE-PUF/hw_src/hdl/CHOICE_PUF_gen.vhd:35]
INFO: [Synth 8-3491] module 'CHOICE_PUF' declared at 'C:/FPGA/CHOICE-PUF/hw_src/hdl/CHOICE_PUF.vhd:8' bound to instance 'PUF' of component 'Choice_PUF' [C:/FPGA/CHOICE-PUF/hw_src/hdl/CHOICE_PUF_gen.vhd:35]
INFO: [Synth 8-3491] module 'CHOICE_PUF' declared at 'C:/FPGA/CHOICE-PUF/hw_src/hdl/CHOICE_PUF.vhd:8' bound to instance 'PUF' of component 'Choice_PUF' [C:/FPGA/CHOICE-PUF/hw_src/hdl/CHOICE_PUF_gen.vhd:35]
INFO: [Synth 8-3491] module 'CHOICE_PUF' declared at 'C:/FPGA/CHOICE-PUF/hw_src/hdl/CHOICE_PUF.vhd:8' bound to instance 'PUF' of component 'Choice_PUF' [C:/FPGA/CHOICE-PUF/hw_src/hdl/CHOICE_PUF_gen.vhd:35]
INFO: [Synth 8-3491] module 'CHOICE_PUF' declared at 'C:/FPGA/CHOICE-PUF/hw_src/hdl/CHOICE_PUF.vhd:8' bound to instance 'PUF' of component 'Choice_PUF' [C:/FPGA/CHOICE-PUF/hw_src/hdl/CHOICE_PUF_gen.vhd:35]
INFO: [Synth 8-3491] module 'CHOICE_PUF' declared at 'C:/FPGA/CHOICE-PUF/hw_src/hdl/CHOICE_PUF.vhd:8' bound to instance 'PUF' of component 'Choice_PUF' [C:/FPGA/CHOICE-PUF/hw_src/hdl/CHOICE_PUF_gen.vhd:35]
INFO: [Synth 8-3491] module 'CHOICE_PUF' declared at 'C:/FPGA/CHOICE-PUF/hw_src/hdl/CHOICE_PUF.vhd:8' bound to instance 'PUF' of component 'Choice_PUF' [C:/FPGA/CHOICE-PUF/hw_src/hdl/CHOICE_PUF_gen.vhd:35]
INFO: [Synth 8-3491] module 'CHOICE_PUF' declared at 'C:/FPGA/CHOICE-PUF/hw_src/hdl/CHOICE_PUF.vhd:8' bound to instance 'PUF' of component 'Choice_PUF' [C:/FPGA/CHOICE-PUF/hw_src/hdl/CHOICE_PUF_gen.vhd:35]
INFO: [Synth 8-3491] module 'CHOICE_PUF' declared at 'C:/FPGA/CHOICE-PUF/hw_src/hdl/CHOICE_PUF.vhd:8' bound to instance 'PUF' of component 'Choice_PUF' [C:/FPGA/CHOICE-PUF/hw_src/hdl/CHOICE_PUF_gen.vhd:35]
INFO: [Synth 8-3491] module 'CHOICE_PUF' declared at 'C:/FPGA/CHOICE-PUF/hw_src/hdl/CHOICE_PUF.vhd:8' bound to instance 'PUF' of component 'Choice_PUF' [C:/FPGA/CHOICE-PUF/hw_src/hdl/CHOICE_PUF_gen.vhd:35]
INFO: [Synth 8-3491] module 'CHOICE_PUF' declared at 'C:/FPGA/CHOICE-PUF/hw_src/hdl/CHOICE_PUF.vhd:8' bound to instance 'PUF' of component 'Choice_PUF' [C:/FPGA/CHOICE-PUF/hw_src/hdl/CHOICE_PUF_gen.vhd:35]
INFO: [Synth 8-3491] module 'CHOICE_PUF' declared at 'C:/FPGA/CHOICE-PUF/hw_src/hdl/CHOICE_PUF.vhd:8' bound to instance 'PUF' of component 'Choice_PUF' [C:/FPGA/CHOICE-PUF/hw_src/hdl/CHOICE_PUF_gen.vhd:35]
INFO: [Synth 8-3491] module 'CHOICE_PUF' declared at 'C:/FPGA/CHOICE-PUF/hw_src/hdl/CHOICE_PUF.vhd:8' bound to instance 'PUF' of component 'Choice_PUF' [C:/FPGA/CHOICE-PUF/hw_src/hdl/CHOICE_PUF_gen.vhd:35]
INFO: [Synth 8-3491] module 'CHOICE_PUF' declared at 'C:/FPGA/CHOICE-PUF/hw_src/hdl/CHOICE_PUF.vhd:8' bound to instance 'PUF' of component 'Choice_PUF' [C:/FPGA/CHOICE-PUF/hw_src/hdl/CHOICE_PUF_gen.vhd:35]
INFO: [Synth 8-3491] module 'CHOICE_PUF' declared at 'C:/FPGA/CHOICE-PUF/hw_src/hdl/CHOICE_PUF.vhd:8' bound to instance 'PUF' of component 'Choice_PUF' [C:/FPGA/CHOICE-PUF/hw_src/hdl/CHOICE_PUF_gen.vhd:35]
INFO: [Synth 8-3491] module 'CHOICE_PUF' declared at 'C:/FPGA/CHOICE-PUF/hw_src/hdl/CHOICE_PUF.vhd:8' bound to instance 'PUF' of component 'Choice_PUF' [C:/FPGA/CHOICE-PUF/hw_src/hdl/CHOICE_PUF_gen.vhd:35]
INFO: [Synth 8-3491] module 'CHOICE_PUF' declared at 'C:/FPGA/CHOICE-PUF/hw_src/hdl/CHOICE_PUF.vhd:8' bound to instance 'PUF' of component 'Choice_PUF' [C:/FPGA/CHOICE-PUF/hw_src/hdl/CHOICE_PUF_gen.vhd:35]
INFO: [Synth 8-3491] module 'CHOICE_PUF' declared at 'C:/FPGA/CHOICE-PUF/hw_src/hdl/CHOICE_PUF.vhd:8' bound to instance 'PUF' of component 'Choice_PUF' [C:/FPGA/CHOICE-PUF/hw_src/hdl/CHOICE_PUF_gen.vhd:35]
INFO: [Synth 8-3491] module 'CHOICE_PUF' declared at 'C:/FPGA/CHOICE-PUF/hw_src/hdl/CHOICE_PUF.vhd:8' bound to instance 'PUF' of component 'Choice_PUF' [C:/FPGA/CHOICE-PUF/hw_src/hdl/CHOICE_PUF_gen.vhd:35]
INFO: [Synth 8-3491] module 'CHOICE_PUF' declared at 'C:/FPGA/CHOICE-PUF/hw_src/hdl/CHOICE_PUF.vhd:8' bound to instance 'PUF' of component 'Choice_PUF' [C:/FPGA/CHOICE-PUF/hw_src/hdl/CHOICE_PUF_gen.vhd:35]
INFO: [Synth 8-3491] module 'CHOICE_PUF' declared at 'C:/FPGA/CHOICE-PUF/hw_src/hdl/CHOICE_PUF.vhd:8' bound to instance 'PUF' of component 'Choice_PUF' [C:/FPGA/CHOICE-PUF/hw_src/hdl/CHOICE_PUF_gen.vhd:35]
INFO: [Synth 8-3491] module 'CHOICE_PUF' declared at 'C:/FPGA/CHOICE-PUF/hw_src/hdl/CHOICE_PUF.vhd:8' bound to instance 'PUF' of component 'Choice_PUF' [C:/FPGA/CHOICE-PUF/hw_src/hdl/CHOICE_PUF_gen.vhd:35]
INFO: [Synth 8-3491] module 'CHOICE_PUF' declared at 'C:/FPGA/CHOICE-PUF/hw_src/hdl/CHOICE_PUF.vhd:8' bound to instance 'PUF' of component 'Choice_PUF' [C:/FPGA/CHOICE-PUF/hw_src/hdl/CHOICE_PUF_gen.vhd:35]
INFO: [Synth 8-3491] module 'CHOICE_PUF' declared at 'C:/FPGA/CHOICE-PUF/hw_src/hdl/CHOICE_PUF.vhd:8' bound to instance 'PUF' of component 'Choice_PUF' [C:/FPGA/CHOICE-PUF/hw_src/hdl/CHOICE_PUF_gen.vhd:35]
INFO: [Synth 8-3491] module 'CHOICE_PUF' declared at 'C:/FPGA/CHOICE-PUF/hw_src/hdl/CHOICE_PUF.vhd:8' bound to instance 'PUF' of component 'Choice_PUF' [C:/FPGA/CHOICE-PUF/hw_src/hdl/CHOICE_PUF_gen.vhd:35]
INFO: [Synth 8-3491] module 'CHOICE_PUF' declared at 'C:/FPGA/CHOICE-PUF/hw_src/hdl/CHOICE_PUF.vhd:8' bound to instance 'PUF' of component 'Choice_PUF' [C:/FPGA/CHOICE-PUF/hw_src/hdl/CHOICE_PUF_gen.vhd:35]
INFO: [Synth 8-3491] module 'CHOICE_PUF' declared at 'C:/FPGA/CHOICE-PUF/hw_src/hdl/CHOICE_PUF.vhd:8' bound to instance 'PUF' of component 'Choice_PUF' [C:/FPGA/CHOICE-PUF/hw_src/hdl/CHOICE_PUF_gen.vhd:35]
INFO: [Synth 8-3491] module 'CHOICE_PUF' declared at 'C:/FPGA/CHOICE-PUF/hw_src/hdl/CHOICE_PUF.vhd:8' bound to instance 'PUF' of component 'Choice_PUF' [C:/FPGA/CHOICE-PUF/hw_src/hdl/CHOICE_PUF_gen.vhd:35]
INFO: [Synth 8-3491] module 'CHOICE_PUF' declared at 'C:/FPGA/CHOICE-PUF/hw_src/hdl/CHOICE_PUF.vhd:8' bound to instance 'PUF' of component 'Choice_PUF' [C:/FPGA/CHOICE-PUF/hw_src/hdl/CHOICE_PUF_gen.vhd:35]
INFO: [Synth 8-3491] module 'CHOICE_PUF' declared at 'C:/FPGA/CHOICE-PUF/hw_src/hdl/CHOICE_PUF.vhd:8' bound to instance 'PUF' of component 'Choice_PUF' [C:/FPGA/CHOICE-PUF/hw_src/hdl/CHOICE_PUF_gen.vhd:35]
INFO: [Synth 8-3491] module 'CHOICE_PUF' declared at 'C:/FPGA/CHOICE-PUF/hw_src/hdl/CHOICE_PUF.vhd:8' bound to instance 'PUF' of component 'Choice_PUF' [C:/FPGA/CHOICE-PUF/hw_src/hdl/CHOICE_PUF_gen.vhd:35]
INFO: [Synth 8-3491] module 'CHOICE_PUF' declared at 'C:/FPGA/CHOICE-PUF/hw_src/hdl/CHOICE_PUF.vhd:8' bound to instance 'PUF' of component 'Choice_PUF' [C:/FPGA/CHOICE-PUF/hw_src/hdl/CHOICE_PUF_gen.vhd:35]
INFO: [Synth 8-3491] module 'CHOICE_PUF' declared at 'C:/FPGA/CHOICE-PUF/hw_src/hdl/CHOICE_PUF.vhd:8' bound to instance 'PUF' of component 'Choice_PUF' [C:/FPGA/CHOICE-PUF/hw_src/hdl/CHOICE_PUF_gen.vhd:35]
INFO: [Synth 8-3491] module 'CHOICE_PUF' declared at 'C:/FPGA/CHOICE-PUF/hw_src/hdl/CHOICE_PUF.vhd:8' bound to instance 'PUF' of component 'Choice_PUF' [C:/FPGA/CHOICE-PUF/hw_src/hdl/CHOICE_PUF_gen.vhd:35]
INFO: [Synth 8-3491] module 'CHOICE_PUF' declared at 'C:/FPGA/CHOICE-PUF/hw_src/hdl/CHOICE_PUF.vhd:8' bound to instance 'PUF' of component 'Choice_PUF' [C:/FPGA/CHOICE-PUF/hw_src/hdl/CHOICE_PUF_gen.vhd:35]
INFO: [Common 17-14] Message 'Synth 8-3491' appears 100 times and further instances of the messages will be disabled. Use the Tcl command set_msg_config to change the current settings.
INFO: [Synth 8-256] done synthesizing module 'CHOICE_PUF_gen' (0#1) [C:/FPGA/CHOICE-PUF/hw_src/hdl/CHOICE_PUF_gen.vhd:20]
INFO: [Synth 8-256] done synthesizing module 'design_pynq_CHOICE_PUF_gen_0_0' (0#1) [c:/FPGA/CHOICE-PUF/CHOICE_design/CHOICE_design.gen/sources_1/bd/design_pynq/ip/design_pynq_CHOICE_PUF_gen_0_0/synth/design_pynq_CHOICE_PUF_gen_0_0.vhd:67]
---------------------------------------------------------------------------------
Finished RTL Elaboration : Time (s): cpu = 00:00:09 ; elapsed = 00:00:09 . Memory (MB): peak = 1470.566 ; gain = 552.539
---------------------------------------------------------------------------------
---------------------------------------------------------------------------------
Start Handling Custom Attributes
---------------------------------------------------------------------------------
---------------------------------------------------------------------------------
Finished Handling Custom Attributes : Time (s): cpu = 00:00:09 ; elapsed = 00:00:09 . Memory (MB): peak = 1470.566 ; gain = 552.539
---------------------------------------------------------------------------------
---------------------------------------------------------------------------------
Finished RTL Optimization Phase 1 : Time (s): cpu = 00:00:09 ; elapsed = 00:00:09 . Memory (MB): peak = 1470.566 ; gain = 552.539
---------------------------------------------------------------------------------
Netlist sorting complete. Time (s): cpu = 00:00:00 ; elapsed = 00:00:00.014 . Memory (MB): peak = 1470.566 ; gain = 0.000
INFO: [Netlist 29-17] Analyzing 128 Unisim elements for replacement
INFO: [Netlist 29-28] Unisim Transformation completed in 0 CPU seconds
INFO: [Project 1-570] Preparing netlist for logic optimization

Processing XDC Constraints
Initializing timing engine
Completed Processing XDC Constraints

Netlist sorting complete. Time (s): cpu = 00:00:00 ; elapsed = 00:00:00.001 . Memory (MB): peak = 1494.910 ; gain = 0.000
INFO: [Project 1-111] Unisim Transformation Summary:
No Unisim elements were transformed.

The system cannot find the path specified.
Constraint Validation Runtime : Time (s): cpu = 00:00:00 ; elapsed = 00:00:00.043 . Memory (MB): peak = 1497.406 ; gain = 2.496
INFO: [Designutils 20-5008] Incremental synthesis strategy off

*** Running vivado
    with args -log design_pynq_CHOICE_PUF_gen_0_0.vds -m64 -product Vivado -mode batch -messageDb vivado.pb -notrace -source design_pynq_CHOICE_PUF_gen_0_0.tcl


ECHO is off.
ECHO is off.

****** Vivado v2023.2 (64-bit)
  **** SW Build 4029153 on Fri Oct 13 20:14:34 MDT 2023
  **** IP Build 4028589 on Sat Oct 14 00:45:43 MDT 2023
  **** SharedData Build 4025554 on Tue Oct 10 17:18:54 MDT 2023
    ** Copyright 1986-2022 Xilinx, Inc. All Rights Reserved.
    ** Copyright 2022-2023 Advanced Micro Devices, Inc. All Rights Reserved.

source design_pynq_CHOICE_PUF_gen_0_0.tcl -notrace
create_project: Time (s): cpu = 00:00:09 ; elapsed = 00:00:10 . Memory (MB): peak = 483.574 ; gain = 184.961
INFO: [IP_Flow 19-234] Refreshing IP repositories
INFO: [IP_Flow 19-1700] Loaded user IP repository 'c:/FPGA/CHOICE-PUF/hw_src/ip_repo'.
INFO: [IP_Flow 19-2313] Loaded Vivado IP repository 'C:/Xilinx/Vivado/2023.2/data/ip'.
INFO: [IP_Flow 19-6924] IPCACHE: Running cache check for IP inst: design_pynq_CHOICE_PUF_gen_0_0
Command: synth_design -top design_pynq_CHOICE_PUF_gen_0_0 -part xc7z020clg400-1 -incremental_mode off -mode out_of_context
Starting synth_design
Attempting to get a license for feature 'Synthesis' and/or device 'xc7z020'
INFO: [Common 17-349] Got license for feature 'Synthesis' and/or device 'xc7z020'
INFO: [Device 21-403] Loading part xc7z020clg400-1
INFO: [Synth 8-7079] Multithreading enabled for synth_design using a maximum of 2 processes.
INFO: [Synth 8-7078] Launching helper process for spawning children vivado processes
INFO: [Synth 8-7075] Helper process launched with PID 2432
---------------------------------------------------------------------------------
Starting RTL Elaboration : Time (s): cpu = 00:00:07 ; elapsed = 00:00:07 . Memory (MB): peak = 1356.449 ; gain = 439.273
---------------------------------------------------------------------------------
INFO: [Synth 8-638] synthesizing module 'design_pynq_CHOICE_PUF_gen_0_0' [c:/FPGA/CHOICE-PUF/CHOICE_design/CHOICE_design.gen/sources_1/bd/design_pynq/ip/design_pynq_CHOICE_PUF_gen_0_0/synth/design_pynq_CHOICE_PUF_gen_0_0.vhd:67]
	Parameter PUF_WIDTH bound to: 128 - type: integer 
INFO: [Synth 8-3491] module 'CHOICE_PUF_gen' declared at 'C:/FPGA/CHOICE-PUF/hw_src/hdl/CHOICE_PUF_gen.vhd:6' bound to instance 'U0' of component 'CHOICE_PUF_gen' [c:/FPGA/CHOICE-PUF/CHOICE_design/CHOICE_design.gen/sources_1/bd/design_pynq/ip/design_pynq_CHOICE_PUF_gen_0_0/synth/design_pynq_CHOICE_PUF_gen_0_0.vhd:98]
INFO: [Synth 8-638] synthesizing module 'CHOICE_PUF_gen' [C:/FPGA/CHOICE-PUF/hw_src/hdl/CHOICE_PUF_gen.vhd:20]
INFO: [Synth 8-3491] module 'CHOICE_PUF' declared at 'C:/FPGA/CHOICE-PUF/hw_src/hdl/CHOICE_PUF.vhd:8' bound to instance 'PUF' of component 'Choice_PUF' [C:/FPGA/CHOICE-PUF/hw_src/hdl/CHOICE_PUF_gen.vhd:35]
INFO: [Synth 8-638] synthesizing module 'CHOICE_PUF' [C:/FPGA/CHOICE-PUF/hw_src/hdl/CHOICE_PUF.vhd:19]
	Parameter INIT bound to: 32'b00000000000000000000000000000000 
INFO: [Synth 8-113] binding component instance 'SRLC32E_inst_3' to cell 'SRLC32E' [C:/FPGA/CHOICE-PUF/hw_src/hdl/CHOICE_PUF.vhd:32]
	Parameter INIT bound to: 32'b00000000000000000000000000000000 
INFO: [Synth 8-113] binding component instance 'SRLC32E_inst_2' to cell 'SRLC32E' [C:/FPGA/CHOICE-PUF/hw_src/hdl/CHOICE_PUF.vhd:45]
	Parameter INIT bound to: 32'b00000000000000000000000000000000 
INFO: [Synth 8-113] binding component instance 'SRLC32E_inst_1' to cell 'SRLC32E' [C:/FPGA/CHOICE-PUF/hw_src/hdl/CHOICE_PUF.vhd:58]
	Parameter INIT bound to: 32'b00000000000000000000000000000000 
INFO: [Synth 8-113] binding component instance 'SRLC32E_inst_0' to cell 'SRLC32E' [C:/FPGA/CHOICE-PUF/hw_src/hdl/CHOICE_PUF.vhd:71]
INFO: [Synth 8-113] binding component instance 'CARRY4_inst' to cell 'CARRY4' [C:/FPGA/CHOICE-PUF/hw_src/hdl/CHOICE_PUF.vhd:86]
	Parameter INIT bound to: 1'b0 
INFO: [Synth 8-113] binding component instance 'FDCPE_inst' to cell 'FDPE' [C:/FPGA/CHOICE-PUF/hw_src/hdl/CHOICE_PUF.vhd:100]
INFO: [Synth 8-256] done synthesizing module 'CHOICE_PUF' (0#1) [C:/FPGA/CHOICE-PUF/hw_src/hdl/CHOICE_PUF.vhd:19]
INFO: [Synth 8-3491] module 'CHOICE_PUF' declared at 'C:/FPGA/CHOICE-PUF/hw_src/hdl/CHOICE_PUF.vhd:8' bound to instance 'PUF' of component 'Choice_PUF' [C:/FPGA/CHOICE-PUF/hw_src/hdl/CHOICE_PUF_gen.vhd:35]
INFO: [Synth 8-3491] module 'CHOICE_PUF' declared at 'C:/FPGA/CHOICE-PUF/hw_src/hdl/CHOICE_PUF.vhd:8' bound to instance 'PUF' of component 'Choice_PUF' [C:/FPGA/CHOICE-PUF/hw_src/hdl/CHOICE_PUF_gen.vhd:35]
INFO: [Synth 8-3491] module 'CHOICE_PUF' declared at 'C:/FPGA/CHOICE-PUF/hw_src/hdl/CHOICE_PUF.vhd:8' bound to instance 'PUF' of component 'Choice_PUF' [C:/FPGA/CHOICE-PUF/hw_src/hdl/CHOICE_PUF_gen.vhd:35]
INFO: [Synth 8-3491] module 'CHOICE_PUF' declared at 'C:/FPGA/CHOICE-PUF/hw_src/hdl/CHOICE_PUF.vhd:8' bound to instance 'PUF' of component 'Choice_PUF' [C:/FPGA/CHOICE-PUF/hw_src/hdl/CHOICE_PUF_gen.vhd:35]
INFO: [Synth 8-3491] module 'CHOICE_PUF' declared at 'C:/FPGA/CHOICE-PUF/hw_src/hdl/CHOICE_PUF.vhd:8' bound to instance 'PUF' of component 'Choice_PUF' [C:/FPGA/CHOICE-PUF/hw_src/hdl/CHOICE_PUF_gen.vhd:35]
INFO: [Synth 8-3491] module 'CHOICE_PUF' declared at 'C:/FPGA/CHOICE-PUF/hw_src/hdl/CHOICE_PUF.vhd:8' bound to instance 'PUF' of component 'Choice_PUF' [C:/FPGA/CHOICE-PUF/hw_src/hdl/CHOICE_PUF_gen.vhd:35]
INFO: [Synth 8-3491] module 'CHOICE_PUF' declared at 'C:/FPGA/CHOICE-PUF/hw_src/hdl/CHOICE_PUF.vhd:8' bound to instance 'PUF' of component 'Choice_PUF' [C:/FPGA/CHOICE-PUF/hw_src/hdl/CHOICE_PUF_gen.vhd:35]
INFO: [Synth 8-3491] module 'CHOICE_PUF' declared at 'C:/FPGA/CHOICE-PUF/hw_src/hdl/CHOICE_PUF.vhd:8' bound to instance 'PUF' of component 'Choice_PUF' [C:/FPGA/CHOICE-PUF/hw_src/hdl/CHOICE_PUF_gen.vhd:35]
INFO: [Synth 8-3491] module 'CHOICE_PUF' declared at 'C:/FPGA/CHOICE-PUF/hw_src/hdl/CHOICE_PUF.vhd:8' bound to instance 'PUF' of component 'Choice_PUF' [C:/FPGA/CHOICE-PUF/hw_src/hdl/CHOICE_PUF_gen.vhd:35]
INFO: [Synth 8-3491] module 'CHOICE_PUF' declared at 'C:/FPGA/CHOICE-PUF/hw_src/hdl/CHOICE_PUF.vhd:8' bound to instance 'PUF' of component 'Choice_PUF' [C:/FPGA/CHOICE-PUF/hw_src/hdl/CHOICE_PUF_gen.vhd:35]
INFO: [Synth 8-3491] module 'CHOICE_PUF' declared at 'C:/FPGA/CHOICE-PUF/hw_src/hdl/CHOICE_PUF.vhd:8' bound to instance 'PUF' of component 'Choice_PUF' [C:/FPGA/CHOICE-PUF/hw_src/hdl/CHOICE_PUF_gen.vhd:35]
INFO: [Synth 8-3491] module 'CHOICE_PUF' declared at 'C:/FPGA/CHOICE-PUF/hw_src/hdl/CHOICE_PUF.vhd:8' bound to instance 'PUF' of component 'Choice_PUF' [C:/FPGA/CHOICE-PUF/hw_src/hdl/CHOICE_PUF_gen.vhd:35]
INFO: [Synth 8-3491] module 'CHOICE_PUF' declared at 'C:/FPGA/CHOICE-PUF/hw_src/hdl/CHOICE_PUF.vhd:8' bound to instance 'PUF' of component 'Choice_PUF' [C:/FPGA/CHOICE-PUF/hw_src/hdl/CHOICE_PUF_gen.vhd:35]
INFO: [Synth 8-3491] module 'CHOICE_PUF' declared at 'C:/FPGA/CHOICE-PUF/hw_src/hdl/CHOICE_PUF.vhd:8' bound to instance 'PUF' of component 'Choice_PUF' [C:/FPGA/CHOICE-PUF/hw_src/hdl/CHOICE_PUF_gen.vhd:35]
INFO: [Synth 8-3491] module 'CHOICE_PUF' declared at 'C:/FPGA/CHOICE-PUF/hw_src/hdl/CHOICE_PUF.vhd:8' bound to instance 'PUF' of component 'Choice_PUF' [C:/FPGA/CHOICE-PUF/hw_src/hdl/CHOICE_PUF_gen.vhd:35]
INFO: [Synth 8-3491] module 'CHOICE_PUF' declared at 'C:/FPGA/CHOICE-PUF/hw_src/hdl/CHOICE_PUF.vhd:8' bound to instance 'PUF' of component 'Choice_PUF' [C:/FPGA/CHOICE-PUF/hw_src/hdl/CHOICE_PUF_gen.vhd:35]
INFO: [Synth 8-3491] module 'CHOICE_PUF' declared at 'C:/FPGA/CHOICE-PUF/hw_src/hdl/CHOICE_PUF.vhd:8' bound to instance 'PUF' of component 'Choice_PUF' [C:/FPGA/CHOICE-PUF/hw_src/hdl/CHOICE_PUF_gen.vhd:35]
INFO: [Synth 8-3491] module 'CHOICE_PUF' declared at 'C:/FPGA/CHOICE-PUF/hw_src/hdl/CHOICE_PUF.vhd:8' bound to instance 'PUF' of component 'Choice_PUF' [C:/FPGA/CHOICE-PUF/hw_src/hdl/CHOICE_PUF_gen.vhd:35]
INFO: [Synth 8-3491] module 'CHOICE_PUF' declared at 'C:/FPGA/CHOICE-PUF/hw_src/hdl/CHOICE_PUF.vhd:8' bound to instance 'PUF' of component 'Choice_PUF' [C:/FPGA/CHOICE-PUF/hw_src/hdl/CHOICE_PUF_gen.vhd:35]
INFO: [Synth 8-3491] module 'CHOICE_PUF' declared at 'C:/FPGA/CHOICE-PUF/hw_src/hdl/CHOICE_PUF.vhd:8' bound to instance 'PUF' of component 'Choice_PUF' [C:/FPGA/CHOICE-PUF/hw_src/hdl/CHOICE_PUF_gen.vhd:35]
INFO: [Synth 8-3491] module 'CHOICE_PUF' declared at 'C:/FPGA/CHOICE-PUF/hw_src/hdl/CHOICE_PUF.vhd:8' bound to instance 'PUF' of component 'Choice_PUF' [C:/FPGA/CHOICE-PUF/hw_src/hdl/CHOICE_PUF_gen.vhd:35]
INFO: [Synth 8-3491] module 'CHOICE_PUF' declared at 'C:/FPGA/CHOICE-PUF/hw_src/hdl/CHOICE_PUF.vhd:8' bound to instance 'PUF' of component 'Choice_PUF' [C:/FPGA/CHOICE-PUF/hw_src/hdl/CHOICE_PUF_gen.vhd:35]
INFO: [Synth 8-3491] module 'CHOICE_PUF' declared at 'C:/FPGA/CHOICE-PUF/hw_src/hdl/CHOICE_PUF.vhd:8' bound to instance 'PUF' of component 'Choice_PUF' [C:/FPGA/CHOICE-PUF/hw_src/hdl/CHOICE_PUF_gen.vhd:35]
INFO: [Synth 8-3491] module 'CHOICE_PUF' declared at 'C:/FPGA/CHOICE-PUF/hw_src/hdl/CHOICE_PUF.vhd:8' bound to instance 'PUF' of component 'Choice_PUF' [C:/FPGA/CHOICE-PUF/hw_src/hdl/CHOICE_PUF_gen.vhd:35]
INFO: [Synth 8-3491] module 'CHOICE_PUF' declared at 'C:/FPGA/CHOICE-PUF/hw_src/hdl/CHOICE_PUF.vhd:8' bound to instance 'PUF' of component 'Choice_PUF' [C:/FPGA/CHOICE-PUF/hw_src/hdl/CHOICE_PUF_gen.vhd:35]
INFO: [Synth 8-3491] module 'CHOICE_PUF' declared at 'C:/FPGA/CHOICE-PUF/hw_src/hdl/CHOICE_PUF.vhd:8' bound to instance 'PUF' of component 'Choice_PUF' [C:/FPGA/CHOICE-PUF/hw_src/hdl/CHOICE_PUF_gen.vhd:35]
INFO: [Synth 8-3491] module 'CHOICE_PUF' declared at 'C:/FPGA/CHOICE-PUF/hw_src/hdl/CHOICE_PUF.vhd:8' bound to instance 'PUF' of component 'Choice_PUF' [C:/FPGA/CHOICE-PUF/hw_src/hdl/CHOICE_PUF_gen.vhd:35]
INFO: [Synth 8-3491] module 'CHOICE_PUF' declared at 'C:/FPGA/CHOICE-PUF/hw_src/hdl/CHOICE_PUF.vhd:8' bound to instance 'PUF' of component 'Choice_PUF' [C:/FPGA/CHOICE-PUF/hw_src/hdl/CHOICE_PUF_gen.vhd:35]
INFO: [Synth 8-3491] module 'CHOICE_PUF' declared at 'C:/FPGA/CHOICE-PUF/hw_src/hdl/CHOICE_PUF.vhd:8' bound to instance 'PUF' of component 'Choice_PUF' [C:/FPGA/CHOICE-PUF/hw_src/hdl/CHOICE_PUF_gen.vhd:35]
INFO: [Synth 8-3491] module 'CHOICE_PUF' declared at 'C:/FPGA/CHOICE-PUF/hw_src/hdl/CHOICE_PUF.vhd:8' bound to instance 'PUF' of component 'Choice_PUF' [C:/FPGA/CHOICE-PUF/hw_src/hdl/CHOICE_PUF_gen.vhd:35]
INFO: [Synth 8-3491] module 'CHOICE_PUF' declared at 'C:/FPGA/CHOICE-PUF/hw_src/hdl/CHOICE_PUF.vhd:8' bound to instance 'PUF' of component 'Choice_PUF' [C:/FPGA/CHOICE-PUF/hw_src/hdl/CHOICE_PUF_gen.vhd:35]
INFO: [Synth 8-3491] module 'CHOICE_PUF' declared at 'C:/FPGA/CHOICE-PUF/hw_src/hdl/CHOICE_PUF.vhd:8' bound to instance 'PUF' of component 'Choice_PUF' [C:/FPGA/CHOICE-PUF/hw_src/hdl/CHOICE_PUF_gen.vhd:35]
INFO: [Synth 8-3491] module 'CHOICE_PUF' declared at 'C:/FPGA/CHOICE-PUF/hw_src/hdl/CHOICE_PUF.vhd:8' bound to instance 'PUF' of component 'Choice_PUF' [C:/FPGA/CHOICE-PUF/hw_src/hdl/CHOICE_PUF_gen.vhd:35]
INFO: [Synth 8-3491] module 'CHOICE_PUF' declared at 'C:/FPGA/CHOICE-PUF/hw_src/hdl/CHOICE_PUF.vhd:8' bound to instance 'PUF' of component 'Choice_PUF' [C:/FPGA/CHOICE-PUF/hw_src/hdl/CHOICE_PUF_gen.vhd:35]
INFO: [Synth 8-3491] module 'CHOICE_PUF' declared at 'C:/FPGA/CHOICE-PUF/hw_src/hdl/CHOICE_PUF.vhd:8' bound to instance 'PUF' of component 'Choice_PUF' [C:/FPGA/CHOICE-PUF/hw_src/hdl/CHOICE_PUF_gen.vhd:35]
INFO: [Synth 8-3491] module 'CHOICE_PUF' declared at 'C:/FPGA/CHOICE-PUF/hw_src/hdl/CHOICE_PUF.vhd:8' bound to instance 'PUF' of component 'Choice_PUF' [C:/FPGA/CHOICE-PUF/hw_src/hdl/CHOICE_PUF_gen.vhd:35]
INFO: [Synth 8-3491] module 'CHOICE_PUF' declared at 'C:/FPGA/CHOICE-PUF/hw_src/hdl/CHOICE_PUF.vhd:8' bound to instance 'PUF' of component 'Choice_PUF' [C:/FPGA/CHOICE-PUF/hw_src/hdl/CHOICE_PUF_gen.vhd:35]
INFO: [Synth 8-3491] module 'CHOICE_PUF' declared at 'C:/FPGA/CHOICE-PUF/hw_src/hdl/CHOICE_PUF.vhd:8' bound to instance 'PUF' of component 'Choice_PUF' [C:/FPGA/CHOICE-PUF/hw_src/hdl/CHOICE_PUF_gen.vhd:35]
INFO: [Synth 8-3491] module 'CHOICE_PUF' declared at 'C:/FPGA/CHOICE-PUF/hw_src/hdl/CHOICE_PUF.vhd:8' bound to instance 'PUF' of component 'Choice_PUF' [C:/FPGA/CHOICE-PUF/hw_src/hdl/CHOICE_PUF_gen.vhd:35]
INFO: [Synth 8-3491] module 'CHOICE_PUF' declared at 'C:/FPGA/CHOICE-PUF/hw_src/hdl/CHOICE_PUF.vhd:8' bound to instance 'PUF' of component 'Choice_PUF' [C:/FPGA/CHOICE-PUF/hw_src/hdl/CHOICE_PUF_gen.vhd:35]
INFO: [Synth 8-3491] module 'CHOICE_PUF' declared at 'C:/FPGA/CHOICE-PUF/hw_src/hdl/CHOICE_PUF.vhd:8' bound to instance 'PUF' of component 'Choice_PUF' [C:/FPGA/CHOICE-PUF/hw_src/hdl/CHOICE_PUF_gen.vhd:35]
INFO: [Synth 8-3491] module 'CHOICE_PUF' declared at 'C:/FPGA/CHOICE-PUF/hw_src/hdl/CHOICE_PUF.vhd:8' bound to instance 'PUF' of component 'Choice_PUF' [C:/FPGA/CHOICE-PUF/hw_src/hdl/CHOICE_PUF_gen.vhd:35]
INFO: [Synth 8-3491] module 'CHOICE_PUF' declared at 'C:/FPGA/CHOICE-PUF/hw_src/hdl/CHOICE_PUF.vhd:8' bound to instance 'PUF' of component 'Choice_PUF' [C:/FPGA/CHOICE-PUF/hw_src/hdl/CHOICE_PUF_gen.vhd:35]
INFO: [Synth 8-3491] module 'CHOICE_PUF' declared at 'C:/FPGA/CHOICE-PUF/hw_src/hdl/CHOICE_PUF.vhd:8' bound to instance 'PUF' of component 'Choice_PUF' [C:/FPGA/CHOICE-PUF/hw_src/hdl/CHOICE_PUF_gen.vhd:35]
INFO: [Synth 8-3491] module 'CHOICE_PUF' declared at 'C:/FPGA/CHOICE-PUF/hw_src/hdl/CHOICE_PUF.vhd:8' bound to instance 'PUF' of component 'Choice_PUF' [C:/FPGA/CHOICE-PUF/hw_src/hdl/CHOICE_PUF_gen.vhd:35]
INFO: [Synth 8-3491] module 'CHOICE_PUF' declared at 'C:/FPGA/CHOICE-PUF/hw_src/hdl/CHOICE_PUF.vhd:8' bound to instance 'PUF' of component 'Choice_PUF' [C:/FPGA/CHOICE-PUF/hw_src/hdl/CHOICE_PUF_gen.vhd:35]
INFO: [Synth 8-3491] module 'CHOICE_PUF' declared at 'C:/FPGA/CHOICE-PUF/hw_src/hdl/CHOICE_PUF.vhd:8' bound to instance 'PUF' of component 'Choice_PUF' [C:/FPGA/CHOICE-PUF/hw_src/hdl/CHOICE_PUF_gen.vhd:35]
INFO: [Synth 8-3491] module 'CHOICE_PUF' declared at 'C:/FPGA/CHOICE-PUF/hw_src/hdl/CHOICE_PUF.vhd:8' bound to instance 'PUF' of component 'Choice_PUF' [C:/FPGA/CHOICE-PUF/hw_src/hdl/CHOICE_PUF_gen.vhd:35]
INFO: [Synth 8-3491] module 'CHOICE_PUF' declared at 'C:/FPGA/CHOICE-PUF/hw_src/hdl/CHOICE_PUF.vhd:8' bound to instance 'PUF' of component 'Choice_PUF' [C:/FPGA/CHOICE-PUF/hw_src/hdl/CHOICE_PUF_gen.vhd:35]
INFO: [Synth 8-3491] module 'CHOICE_PUF' declared at 'C:/FPGA/CHOICE-PUF/hw_src/hdl/CHOICE_PUF.vhd:8' bound to instance 'PUF' of component 'Choice_PUF' [C:/FPGA/CHOICE-PUF/hw_src/hdl/CHOICE_PUF_gen.vhd:35]
INFO: [Synth 8-3491] module 'CHOICE_PUF' declared at 'C:/FPGA/CHOICE-PUF/hw_src/hdl/CHOICE_PUF.vhd:8' bound to instance 'PUF' of component 'Choice_PUF' [C:/FPGA/CHOICE-PUF/hw_src/hdl/CHOICE_PUF_gen.vhd:35]
INFO: [Synth 8-3491] module 'CHOICE_PUF' declared at 'C:/FPGA/CHOICE-PUF/hw_src/hdl/CHOICE_PUF.vhd:8' bound to instance 'PUF' of component 'Choice_PUF' [C:/FPGA/CHOICE-PUF/hw_src/hdl/CHOICE_PUF_gen.vhd:35]
INFO: [Synth 8-3491] module 'CHOICE_PUF' declared at 'C:/FPGA/CHOICE-PUF/hw_src/hdl/CHOICE_PUF.vhd:8' bound to instance 'PUF' of component 'Choice_PUF' [C:/FPGA/CHOICE-PUF/hw_src/hdl/CHOICE_PUF_gen.vhd:35]
INFO: [Synth 8-3491] module 'CHOICE_PUF' declared at 'C:/FPGA/CHOICE-PUF/hw_src/hdl/CHOICE_PUF.vhd:8' bound to instance 'PUF' of component 'Choice_PUF' [C:/FPGA/CHOICE-PUF/hw_src/hdl/CHOICE_PUF_gen.vhd:35]
INFO: [Synth 8-3491] module 'CHOICE_PUF' declared at 'C:/FPGA/CHOICE-PUF/hw_src/hdl/CHOICE_PUF.vhd:8' bound to instance 'PUF' of component 'Choice_PUF' [C:/FPGA/CHOICE-PUF/hw_src/hdl/CHOICE_PUF_gen.vhd:35]
INFO: [Synth 8-3491] module 'CHOICE_PUF' declared at 'C:/FPGA/CHOICE-PUF/hw_src/hdl/CHOICE_PUF.vhd:8' bound to instance 'PUF' of component 'Choice_PUF' [C:/FPGA/CHOICE-PUF/hw_src/hdl/CHOICE_PUF_gen.vhd:35]
INFO: [Synth 8-3491] module 'CHOICE_PUF' declared at 'C:/FPGA/CHOICE-PUF/hw_src/hdl/CHOICE_PUF.vhd:8' bound to instance 'PUF' of component 'Choice_PUF' [C:/FPGA/CHOICE-PUF/hw_src/hdl/CHOICE_PUF_gen.vhd:35]
INFO: [Synth 8-3491] module 'CHOICE_PUF' declared at 'C:/FPGA/CHOICE-PUF/hw_src/hdl/CHOICE_PUF.vhd:8' bound to instance 'PUF' of component 'Choice_PUF' [C:/FPGA/CHOICE-PUF/hw_src/hdl/CHOICE_PUF_gen.vhd:35]
INFO: [Synth 8-3491] module 'CHOICE_PUF' declared at 'C:/FPGA/CHOICE-PUF/hw_src/hdl/CHOICE_PUF.vhd:8' bound to instance 'PUF' of component 'Choice_PUF' [C:/FPGA/CHOICE-PUF/hw_src/hdl/CHOICE_PUF_gen.vhd:35]
INFO: [Synth 8-3491] module 'CHOICE_PUF' declared at 'C:/FPGA/CHOICE-PUF/hw_src/hdl/CHOICE_PUF.vhd:8' bound to instance 'PUF' of component 'Choice_PUF' [C:/FPGA/CHOICE-PUF/hw_src/hdl/CHOICE_PUF_gen.vhd:35]
INFO: [Synth 8-3491] module 'CHOICE_PUF' declared at 'C:/FPGA/CHOICE-PUF/hw_src/hdl/CHOICE_PUF.vhd:8' bound to instance 'PUF' of component 'Choice_PUF' [C:/FPGA/CHOICE-PUF/hw_src/hdl/CHOICE_PUF_gen.vhd:35]
INFO: [Synth 8-3491] module 'CHOICE_PUF' declared at 'C:/FPGA/CHOICE-PUF/hw_src/hdl/CHOICE_PUF.vhd:8' bound to instance 'PUF' of component 'Choice_PUF' [C:/FPGA/CHOICE-PUF/hw_src/hdl/CHOICE_PUF_gen.vhd:35]
INFO: [Synth 8-3491] module 'CHOICE_PUF' declared at 'C:/FPGA/CHOICE-PUF/hw_src/hdl/CHOICE_PUF.vhd:8' bound to instance 'PUF' of component 'Choice_PUF' [C:/FPGA/CHOICE-PUF/hw_src/hdl/CHOICE_PUF_gen.vhd:35]
INFO: [Synth 8-3491] module 'CHOICE_PUF' declared at 'C:/FPGA/CHOICE-PUF/hw_src/hdl/CHOICE_PUF.vhd:8' bound to instance 'PUF' of component 'Choice_PUF' [C:/FPGA/CHOICE-PUF/hw_src/hdl/CHOICE_PUF_gen.vhd:35]
INFO: [Synth 8-3491] module 'CHOICE_PUF' declared at 'C:/FPGA/CHOICE-PUF/hw_src/hdl/CHOICE_PUF.vhd:8' bound to instance 'PUF' of component 'Choice_PUF' [C:/FPGA/CHOICE-PUF/hw_src/hdl/CHOICE_PUF_gen.vhd:35]
INFO: [Synth 8-3491] module 'CHOICE_PUF' declared at 'C:/FPGA/CHOICE-PUF/hw_src/hdl/CHOICE_PUF.vhd:8' bound to instance 'PUF' of component 'Choice_PUF' [C:/FPGA/CHOICE-PUF/hw_src/hdl/CHOICE_PUF_gen.vhd:35]
INFO: [Synth 8-3491] module 'CHOICE_PUF' declared at 'C:/FPGA/CHOICE-PUF/hw_src/hdl/CHOICE_PUF.vhd:8' bound to instance 'PUF' of component 'Choice_PUF' [C:/FPGA/CHOICE-PUF/hw_src/hdl/CHOICE_PUF_gen.vhd:35]
INFO: [Synth 8-3491] module 'CHOICE_PUF' declared at 'C:/FPGA/CHOICE-PUF/hw_src/hdl/CHOICE_PUF.vhd:8' bound to instance 'PUF' of component 'Choice_PUF' [C:/FPGA/CHOICE-PUF/hw_src/hdl/CHOICE_PUF_gen.vhd:35]
INFO: [Synth 8-3491] module 'CHOICE_PUF' declared at 'C:/FPGA/CHOICE-PUF/hw_src/hdl/CHOICE_PUF.vhd:8' bound to instance 'PUF' of component 'Choice_PUF' [C:/FPGA/CHOICE-PUF/hw_src/hdl/CHOICE_PUF_gen.vhd:35]
INFO: [Synth 8-3491] module 'CHOICE_PUF' declared at 'C:/FPGA/CHOICE-PUF/hw_src/hdl/CHOICE_PUF.vhd:8' bound to instance 'PUF' of component 'Choice_PUF' [C:/FPGA/CHOICE-PUF/hw_src/hdl/CHOICE_PUF_gen.vhd:35]
INFO: [Synth 8-3491] module 'CHOICE_PUF' declared at 'C:/FPGA/CHOICE-PUF/hw_src/hdl/CHOICE_PUF.vhd:8' bound to instance 'PUF' of component 'Choice_PUF' [C:/FPGA/CHOICE-PUF/hw_src/hdl/CHOICE_PUF_gen.vhd:35]
INFO: [Synth 8-3491] module 'CHOICE_PUF' declared at 'C:/FPGA/CHOICE-PUF/hw_src/hdl/CHOICE_PUF.vhd:8' bound to instance 'PUF' of component 'Choice_PUF' [C:/FPGA/CHOICE-PUF/hw_src/hdl/CHOICE_PUF_gen.vhd:35]
INFO: [Synth 8-3491] module 'CHOICE_PUF' declared at 'C:/FPGA/CHOICE-PUF/hw_src/hdl/CHOICE_PUF.vhd:8' bound to instance 'PUF' of component 'Choice_PUF' [C:/FPGA/CHOICE-PUF/hw_src/hdl/CHOICE_PUF_gen.vhd:35]
INFO: [Synth 8-3491] module 'CHOICE_PUF' declared at 'C:/FPGA/CHOICE-PUF/hw_src/hdl/CHOICE_PUF.vhd:8' bound to instance 'PUF' of component 'Choice_PUF' [C:/FPGA/CHOICE-PUF/hw_src/hdl/CHOICE_PUF_gen.vhd:35]
INFO: [Synth 8-3491] module 'CHOICE_PUF' declared at 'C:/FPGA/CHOICE-PUF/hw_src/hdl/CHOICE_PUF.vhd:8' bound to instance 'PUF' of component 'Choice_PUF' [C:/FPGA/CHOICE-PUF/hw_src/hdl/CHOICE_PUF_gen.vhd:35]
INFO: [Synth 8-3491] module 'CHOICE_PUF' declared at 'C:/FPGA/CHOICE-PUF/hw_src/hdl/CHOICE_PUF.vhd:8' bound to instance 'PUF' of component 'Choice_PUF' [C:/FPGA/CHOICE-PUF/hw_src/hdl/CHOICE_PUF_gen.vhd:35]
INFO: [Synth 8-3491] module 'CHOICE_PUF' declared at 'C:/FPGA/CHOICE-PUF/hw_src/hdl/CHOICE_PUF.vhd:8' bound to instance 'PUF' of component 'Choice_PUF' [C:/FPGA/CHOICE-PUF/hw_src/hdl/CHOICE_PUF_gen.vhd:35]
INFO: [Synth 8-3491] module 'CHOICE_PUF' declared at 'C:/FPGA/CHOICE-PUF/hw_src/hdl/CHOICE_PUF.vhd:8' bound to instance 'PUF' of component 'Choice_PUF' [C:/FPGA/CHOICE-PUF/hw_src/hdl/CHOICE_PUF_gen.vhd:35]
INFO: [Synth 8-3491] module 'CHOICE_PUF' declared at 'C:/FPGA/CHOICE-PUF/hw_src/hdl/CHOICE_PUF.vhd:8' bound to instance 'PUF' of component 'Choice_PUF' [C:/FPGA/CHOICE-PUF/hw_src/hdl/CHOICE_PUF_gen.vhd:35]
INFO: [Synth 8-3491] module 'CHOICE_PUF' declared at 'C:/FPGA/CHOICE-PUF/hw_src/hdl/CHOICE_PUF.vhd:8' bound to instance 'PUF' of component 'Choice_PUF' [C:/FPGA/CHOICE-PUF/hw_src/hdl/CHOICE_PUF_gen.vhd:35]
INFO: [Synth 8-3491] module 'CHOICE_PUF' declared at 'C:/FPGA/CHOICE-PUF/hw_src/hdl/CHOICE_PUF.vhd:8' bound to instance 'PUF' of component 'Choice_PUF' [C:/FPGA/CHOICE-PUF/hw_src/hdl/CHOICE_PUF_gen.vhd:35]
INFO: [Synth 8-3491] module 'CHOICE_PUF' declared at 'C:/FPGA/CHOICE-PUF/hw_src/hdl/CHOICE_PUF.vhd:8' bound to instance 'PUF' of component 'Choice_PUF' [C:/FPGA/CHOICE-PUF/hw_src/hdl/CHOICE_PUF_gen.vhd:35]
INFO: [Synth 8-3491] module 'CHOICE_PUF' declared at 'C:/FPGA/CHOICE-PUF/hw_src/hdl/CHOICE_PUF.vhd:8' bound to instance 'PUF' of component 'Choice_PUF' [C:/FPGA/CHOICE-PUF/hw_src/hdl/CHOICE_PUF_gen.vhd:35]
INFO: [Synth 8-3491] module 'CHOICE_PUF' declared at 'C:/FPGA/CHOICE-PUF/hw_src/hdl/CHOICE_PUF.vhd:8' bound to instance 'PUF' of component 'Choice_PUF' [C:/FPGA/CHOICE-PUF/hw_src/hdl/CHOICE_PUF_gen.vhd:35]
INFO: [Synth 8-3491] module 'CHOICE_PUF' declared at 'C:/FPGA/CHOICE-PUF/hw_src/hdl/CHOICE_PUF.vhd:8' bound to instance 'PUF' of component 'Choice_PUF' [C:/FPGA/CHOICE-PUF/hw_src/hdl/CHOICE_PUF_gen.vhd:35]
INFO: [Synth 8-3491] module 'CHOICE_PUF' declared at 'C:/FPGA/CHOICE-PUF/hw_src/hdl/CHOICE_PUF.vhd:8' bound to instance 'PUF' of component 'Choice_PUF' [C:/FPGA/CHOICE-PUF/hw_src/hdl/CHOICE_PUF_gen.vhd:35]
INFO: [Synth 8-3491] module 'CHOICE_PUF' declared at 'C:/FPGA/CHOICE-PUF/hw_src/hdl/CHOICE_PUF.vhd:8' bound to instance 'PUF' of component 'Choice_PUF' [C:/FPGA/CHOICE-PUF/hw_src/hdl/CHOICE_PUF_gen.vhd:35]
INFO: [Synth 8-3491] module 'CHOICE_PUF' declared at 'C:/FPGA/CHOICE-PUF/hw_src/hdl/CHOICE_PUF.vhd:8' bound to instance 'PUF' of component 'Choice_PUF' [C:/FPGA/CHOICE-PUF/hw_src/hdl/CHOICE_PUF_gen.vhd:35]
INFO: [Synth 8-3491] module 'CHOICE_PUF' declared at 'C:/FPGA/CHOICE-PUF/hw_src/hdl/CHOICE_PUF.vhd:8' bound to instance 'PUF' of component 'Choice_PUF' [C:/FPGA/CHOICE-PUF/hw_src/hdl/CHOICE_PUF_gen.vhd:35]
INFO: [Synth 8-3491] module 'CHOICE_PUF' declared at 'C:/FPGA/CHOICE-PUF/hw_src/hdl/CHOICE_PUF.vhd:8' bound to instance 'PUF' of component 'Choice_PUF' [C:/FPGA/CHOICE-PUF/hw_src/hdl/CHOICE_PUF_gen.vhd:35]
INFO: [Synth 8-3491] module 'CHOICE_PUF' declared at 'C:/FPGA/CHOICE-PUF/hw_src/hdl/CHOICE_PUF.vhd:8' bound to instance 'PUF' of component 'Choice_PUF' [C:/FPGA/CHOICE-PUF/hw_src/hdl/CHOICE_PUF_gen.vhd:35]
INFO: [Synth 8-3491] module 'CHOICE_PUF' declared at 'C:/FPGA/CHOICE-PUF/hw_src/hdl/CHOICE_PUF.vhd:8' bound to instance 'PUF' of component 'Choice_PUF' [C:/FPGA/CHOICE-PUF/hw_src/hdl/CHOICE_PUF_gen.vhd:35]
INFO: [Synth 8-3491] module 'CHOICE_PUF' declared at 'C:/FPGA/CHOICE-PUF/hw_src/hdl/CHOICE_PUF.vhd:8' bound to instance 'PUF' of component 'Choice_PUF' [C:/FPGA/CHOICE-PUF/hw_src/hdl/CHOICE_PUF_gen.vhd:35]
INFO: [Synth 8-3491] module 'CHOICE_PUF' declared at 'C:/FPGA/CHOICE-PUF/hw_src/hdl/CHOICE_PUF.vhd:8' bound to instance 'PUF' of component 'Choice_PUF' [C:/FPGA/CHOICE-PUF/hw_src/hdl/CHOICE_PUF_gen.vhd:35]
INFO: [Synth 8-3491] module 'CHOICE_PUF' declared at 'C:/FPGA/CHOICE-PUF/hw_src/hdl/CHOICE_PUF.vhd:8' bound to instance 'PUF' of component 'Choice_PUF' [C:/FPGA/CHOICE-PUF/hw_src/hdl/CHOICE_PUF_gen.vhd:35]
INFO: [Synth 8-3491] module 'CHOICE_PUF' declared at 'C:/FPGA/CHOICE-PUF/hw_src/hdl/CHOICE_PUF.vhd:8' bound to instance 'PUF' of component 'Choice_PUF' [C:/FPGA/CHOICE-PUF/hw_src/hdl/CHOICE_PUF_gen.vhd:35]
INFO: [Synth 8-3491] module 'CHOICE_PUF' declared at 'C:/FPGA/CHOICE-PUF/hw_src/hdl/CHOICE_PUF.vhd:8' bound to instance 'PUF' of component 'Choice_PUF' [C:/FPGA/CHOICE-PUF/hw_src/hdl/CHOICE_PUF_gen.vhd:35]
INFO: [Synth 8-3491] module 'CHOICE_PUF' declared at 'C:/FPGA/CHOICE-PUF/hw_src/hdl/CHOICE_PUF.vhd:8' bound to instance 'PUF' of component 'Choice_PUF' [C:/FPGA/CHOICE-PUF/hw_src/hdl/CHOICE_PUF_gen.vhd:35]
INFO: [Common 17-14] Message 'Synth 8-3491' appears 100 times and further instances of the messages will be disabled. Use the Tcl command set_msg_config to change the current settings.
INFO: [Synth 8-256] done synthesizing module 'CHOICE_PUF_gen' (0#1) [C:/FPGA/CHOICE-PUF/hw_src/hdl/CHOICE_PUF_gen.vhd:20]
INFO: [Synth 8-256] done synthesizing module 'design_pynq_CHOICE_PUF_gen_0_0' (0#1) [c:/FPGA/CHOICE-PUF/CHOICE_design/CHOICE_design.gen/sources_1/bd/design_pynq/ip/design_pynq_CHOICE_PUF_gen_0_0/synth/design_pynq_CHOICE_PUF_gen_0_0.vhd:67]
---------------------------------------------------------------------------------
Finished RTL Elaboration : Time (s): cpu = 00:00:09 ; elapsed = 00:00:09 . Memory (MB): peak = 1469.078 ; gain = 551.902
---------------------------------------------------------------------------------
---------------------------------------------------------------------------------
Start Handling Custom Attributes
---------------------------------------------------------------------------------
---------------------------------------------------------------------------------
Finished Handling Custom Attributes : Time (s): cpu = 00:00:09 ; elapsed = 00:00:09 . Memory (MB): peak = 1469.078 ; gain = 551.902
---------------------------------------------------------------------------------
---------------------------------------------------------------------------------
Finished RTL Optimization Phase 1 : Time (s): cpu = 00:00:09 ; elapsed = 00:00:09 . Memory (MB): peak = 1469.078 ; gain = 551.902
---------------------------------------------------------------------------------
Netlist sorting complete. Time (s): cpu = 00:00:00 ; elapsed = 00:00:00.014 . Memory (MB): peak = 1469.078 ; gain = 0.000
INFO: [Netlist 29-17] Analyzing 128 Unisim elements for replacement
INFO: [Netlist 29-28] Unisim Transformation completed in 0 CPU seconds
INFO: [Project 1-570] Preparing netlist for logic optimization

Processing XDC Constraints
Initializing timing engine
Completed Processing XDC Constraints

Netlist sorting complete. Time (s): cpu = 00:00:00 ; elapsed = 00:00:00.001 . Memory (MB): peak = 1566.621 ; gain = 0.000
INFO: [Project 1-111] Unisim Transformation Summary:
No Unisim elements were transformed.

The system cannot find the path specified.
Constraint Validation Runtime : Time (s): cpu = 00:00:00 ; elapsed = 00:00:00.060 . Memory (MB): peak = 1566.621 ; gain = 0.000
INFO: [Designutils 20-5008] Incremental synthesis strategy off
---------------------------------------------------------------------------------
Finished Constraint Validation : Time (s): cpu = 00:00:19 ; elapsed = 00:00:20 . Memory (MB): peak = 1566.621 ; gain = 649.445
---------------------------------------------------------------------------------
---------------------------------------------------------------------------------
Start Loading Part and Timing Information
---------------------------------------------------------------------------------
Loading part: xc7z020clg400-1
---------------------------------------------------------------------------------
Finished Loading Part and Timing Information : Time (s): cpu = 00:00:19 ; elapsed = 00:00:20 . Memory (MB): peak = 1566.621 ; gain = 649.445
---------------------------------------------------------------------------------
---------------------------------------------------------------------------------
Start Applying 'set_property' XDC Constraints
---------------------------------------------------------------------------------
---------------------------------------------------------------------------------
Finished applying 'set_property' XDC Constraints : Time (s): cpu = 00:00:19 ; elapsed = 00:00:20 . Memory (MB): peak = 1566.621 ; gain = 649.445
---------------------------------------------------------------------------------
---------------------------------------------------------------------------------
Finished RTL Optimization Phase 2 : Time (s): cpu = 00:00:20 ; elapsed = 00:00:20 . Memory (MB): peak = 1566.621 ; gain = 649.445
---------------------------------------------------------------------------------
---------------------------------------------------------------------------------
Start RTL Component Statistics 
---------------------------------------------------------------------------------
Detailed RTL Component Info : 
---------------------------------------------------------------------------------
Finished RTL Component Statistics 
---------------------------------------------------------------------------------
---------------------------------------------------------------------------------
Start Part Resource Summary
---------------------------------------------------------------------------------
Part Resources:
DSPs: 220 (col length:60)
BRAMs: 280 (col length: RAMB18 60 RAMB36 30)
---------------------------------------------------------------------------------
Finished Part Resource Summary
---------------------------------------------------------------------------------
---------------------------------------------------------------------------------
Start Cross Boundary and Area Optimization
---------------------------------------------------------------------------------
WARNING: [Synth 8-7080] Parallel synthesis criteria is not met
---------------------------------------------------------------------------------
Finished Cross Boundary and Area Optimization : Time (s): cpu = 00:00:22 ; elapsed = 00:00:22 . Memory (MB): peak = 1566.621 ; gain = 649.445
---------------------------------------------------------------------------------
---------------------------------------------------------------------------------
Start Applying XDC Timing Constraints
---------------------------------------------------------------------------------
---------------------------------------------------------------------------------
Finished Applying XDC Timing Constraints : Time (s): cpu = 00:00:29 ; elapsed = 00:00:30 . Memory (MB): peak = 1566.621 ; gain = 649.445
---------------------------------------------------------------------------------
---------------------------------------------------------------------------------
Start Timing Optimization
---------------------------------------------------------------------------------
---------------------------------------------------------------------------------
Finished Timing Optimization : Time (s): cpu = 00:00:29 ; elapsed = 00:00:30 . Memory (MB): peak = 1566.621 ; gain = 649.445
---------------------------------------------------------------------------------
---------------------------------------------------------------------------------
Start Technology Mapping
---------------------------------------------------------------------------------
---------------------------------------------------------------------------------
Finished Technology Mapping : Time (s): cpu = 00:00:29 ; elapsed = 00:00:30 . Memory (MB): peak = 1566.621 ; gain = 649.445
---------------------------------------------------------------------------------
---------------------------------------------------------------------------------
Start IO Insertion
---------------------------------------------------------------------------------
---------------------------------------------------------------------------------
Start Flattening Before IO Insertion
---------------------------------------------------------------------------------
---------------------------------------------------------------------------------
Finished Flattening Before IO Insertion
---------------------------------------------------------------------------------
---------------------------------------------------------------------------------
Start Final Netlist Cleanup
---------------------------------------------------------------------------------
---------------------------------------------------------------------------------
Finished Final Netlist Cleanup
---------------------------------------------------------------------------------
---------------------------------------------------------------------------------
Finished IO Insertion : Time (s): cpu = 00:00:35 ; elapsed = 00:00:36 . Memory (MB): peak = 1566.621 ; gain = 649.445
---------------------------------------------------------------------------------
---------------------------------------------------------------------------------
Start Renaming Generated Instances
---------------------------------------------------------------------------------
---------------------------------------------------------------------------------
Finished Renaming Generated Instances : Time (s): cpu = 00:00:35 ; elapsed = 00:00:36 . Memory (MB): peak = 1566.621 ; gain = 649.445
---------------------------------------------------------------------------------
---------------------------------------------------------------------------------
Start Rebuilding User Hierarchy
---------------------------------------------------------------------------------
---------------------------------------------------------------------------------
Finished Rebuilding User Hierarchy : Time (s): cpu = 00:00:35 ; elapsed = 00:00:36 . Memory (MB): peak = 1566.621 ; gain = 649.445
---------------------------------------------------------------------------------
---------------------------------------------------------------------------------
Start Renaming Generated Ports
---------------------------------------------------------------------------------
---------------------------------------------------------------------------------
Finished Renaming Generated Ports : Time (s): cpu = 00:00:35 ; elapsed = 00:00:36 . Memory (MB): peak = 1566.621 ; gain = 649.445
---------------------------------------------------------------------------------
---------------------------------------------------------------------------------
Start Handling Custom Attributes
---------------------------------------------------------------------------------
---------------------------------------------------------------------------------
Finished Handling Custom Attributes : Time (s): cpu = 00:00:35 ; elapsed = 00:00:36 . Memory (MB): peak = 1566.621 ; gain = 649.445
---------------------------------------------------------------------------------
---------------------------------------------------------------------------------
Start Renaming Generated Nets
---------------------------------------------------------------------------------
---------------------------------------------------------------------------------
Finished Renaming Generated Nets : Time (s): cpu = 00:00:35 ; elapsed = 00:00:36 . Memory (MB): peak = 1566.621 ; gain = 649.445
---------------------------------------------------------------------------------
---------------------------------------------------------------------------------
Start Writing Synthesis Report
---------------------------------------------------------------------------------

Report BlackBoxes: 
+-+--------------+----------+
| |BlackBox name |Instances |
+-+--------------+----------+
+-+--------------+----------+

Report Cell Usage: 
+------+--------+------+
|      |Cell    |Count |
+------+--------+------+
|1     |CARRY4  |   128|
|2     |SRLC32E |   512|
|3     |FDPE    |   128|
+------+--------+------+
---------------------------------------------------------------------------------
Finished Writing Synthesis Report : Time (s): cpu = 00:00:35 ; elapsed = 00:00:36 . Memory (MB): peak = 1566.621 ; gain = 649.445
---------------------------------------------------------------------------------
Synthesis finished with 0 errors, 0 critical warnings and 1 warnings.
Synthesis Optimization Runtime : Time (s): cpu = 00:00:25 ; elapsed = 00:00:34 . Memory (MB): peak = 1566.621 ; gain = 551.902
Synthesis Optimization Complete : Time (s): cpu = 00:00:36 ; elapsed = 00:00:36 . Memory (MB): peak = 1566.621 ; gain = 649.445
INFO: [Project 1-571] Translating synthesized netlist
Netlist sorting complete. Time (s): cpu = 00:00:00 ; elapsed = 00:00:00.010 . Memory (MB): peak = 1566.621 ; gain = 0.000
INFO: [Netlist 29-17] Analyzing 128 Unisim elements for replacement
INFO: [Netlist 29-28] Unisim Transformation completed in 0 CPU seconds
INFO: [Project 1-570] Preparing netlist for logic optimization
INFO: [Opt 31-138] Pushed 0 inverter(s) to 0 load pin(s).
Netlist sorting complete. Time (s): cpu = 00:00:00 ; elapsed = 00:00:00 . Memory (MB): peak = 1566.621 ; gain = 0.000
INFO: [Project 1-111] Unisim Transformation Summary:
No Unisim elements were transformed.

The system cannot find the path specified.
Synth Design complete | Checksum: ece2cc94
INFO: [Common 17-83] Releasing license: Synthesis
134 Infos, 1 Warnings, 0 Critical Warnings and 0 Errors encountered.
synth_design completed successfully
synth_design: Time (s): cpu = 00:00:42 ; elapsed = 00:00:45 . Memory (MB): peak = 1566.621 ; gain = 1069.016
Write ShapeDB Complete: Time (s): cpu = 00:00:00 ; elapsed = 00:00:00.004 . Memory (MB): peak = 1566.621 ; gain = 0.000
INFO: [Common 17-1381] The checkpoint 'C:/FPGA/CHOICE-PUF/CHOICE_design/CHOICE_design.runs/design_pynq_CHOICE_PUF_gen_0_0_synth_1/design_pynq_CHOICE_PUF_gen_0_0.dcp' has been generated.
INFO: [Coretcl 2-1648] Added synthesis output to IP cache for IP design_pynq_CHOICE_PUF_gen_0_0, cache-ID = bc221488b788b55e
INFO: [Coretcl 2-1174] Renamed 129 cell refs.
Write ShapeDB Complete: Time (s): cpu = 00:00:00 ; elapsed = 00:00:00.004 . Memory (MB): peak = 1566.621 ; gain = 0.000
INFO: [Common 17-1381] The checkpoint 'C:/FPGA/CHOICE-PUF/CHOICE_design/CHOICE_design.runs/design_pynq_CHOICE_PUF_gen_0_0_synth_1/design_pynq_CHOICE_PUF_gen_0_0.dcp' has been generated.
INFO: [runtcl-4] Executing : report_utilization -file design_pynq_CHOICE_PUF_gen_0_0_utilization_synth.rpt -pb design_pynq_CHOICE_PUF_gen_0_0_utilization_synth.pb
INFO: [Common 17-206] Exiting Vivado at Fri Apr 11 19:55:55 2025...
