
*** Running vivado
    with args -log design_pynq_read_adapter_0_0.vds -m64 -product Vivado -mode batch -messageDb vivado.pb -notrace -source design_pynq_read_adapter_0_0.tcl


ECHO is off.
ECHO is off.

****** Vivado v2023.2 (64-bit)
  **** SW Build 4029153 on Fri Oct 13 20:14:34 MDT 2023
  **** IP Build 4028589 on Sat Oct 14 00:45:43 MDT 2023
  **** SharedData Build 4025554 on Tue Oct 10 17:18:54 MDT 2023
    ** Copyright 1986-2022 Xilinx, Inc. All Rights Reserved.
    ** Copyright 2022-2023 Advanced Micro Devices, Inc. All Rights Reserved.

source design_pynq_read_adapter_0_0.tcl -notrace
create_project: Time (s): cpu = 00:00:07 ; elapsed = 00:00:08 . Memory (MB): peak = 485.160 ; gain = 187.027
INFO: [IP_Flow 19-234] Refreshing IP repositories
INFO: [IP_Flow 19-1700] Loaded user IP repository 'c:/FPGA/CHOICE-PUF/hw_src/ip_repo'.
INFO: [IP_Flow 19-2313] Loaded Vivado IP repository 'C:/Xilinx/Vivado/2023.2/data/ip'.
INFO: [IP_Flow 19-6924] IPCACHE: Running cache check for IP inst: design_pynq_read_adapter_0_0
Command: synth_design -top design_pynq_read_adapter_0_0 -part xc7z020clg400-1 -incremental_mode off -mode out_of_context
Starting synth_design
Attempting to get a license for feature 'Synthesis' and/or device 'xc7z020'
INFO: [Common 17-349] Got license for feature 'Synthesis' and/or device 'xc7z020'
INFO: [Device 21-403] Loading part xc7z020clg400-1
INFO: [Synth 8-7079] Multithreading enabled for synth_design using a maximum of 2 processes.
INFO: [Synth 8-7078] Launching helper process for spawning children vivado processes
INFO: [Synth 8-7075] Helper process launched with PID 44844
---------------------------------------------------------------------------------
Starting RTL Elaboration : Time (s): cpu = 00:00:07 ; elapsed = 00:00:07 . Memory (MB): peak = 1365.074 ; gain = 438.883
---------------------------------------------------------------------------------
INFO: [Synth 8-638] synthesizing module 'design_pynq_read_adapter_0_0' [c:/FPGA/CHOICE-PUF/CHOICE_design/CHOICE_design.gen/sources_1/bd/design_pynq/ip/design_pynq_read_adapter_0_0/synth/design_pynq_read_adapter_0_0.vhd:88]
	Parameter C_S00_AXI_DATA_WIDTH bound to: 32 - type: integer 
	Parameter C_S00_AXI_ADDR_WIDTH bound to: 4 - type: integer 
	Parameter DATA_WIDTH bound to: 64 - type: integer 
INFO: [Synth 8-3491] module 'read_adapter' declared at 'c:/FPGA/CHOICE-PUF/CHOICE_design/CHOICE_design.gen/sources_1/bd/design_pynq/ipshared/2062/hdl/read_adapter.vhd:11' bound to instance 'U0' of component 'read_adapter' [c:/FPGA/CHOICE-PUF/CHOICE_design/CHOICE_design.gen/sources_1/bd/design_pynq/ip/design_pynq_read_adapter_0_0/synth/design_pynq_read_adapter_0_0.vhd:167]
INFO: [Synth 8-638] synthesizing module 'read_adapter' [c:/FPGA/CHOICE-PUF/CHOICE_design/CHOICE_design.gen/sources_1/bd/design_pynq/ipshared/2062/hdl/read_adapter.vhd:67]
	Parameter DATA_WIDTH bound to: 64 - type: integer 
	Parameter C_S_AXI_DATA_WIDTH bound to: 32 - type: integer 
	Parameter C_S_AXI_ADDR_WIDTH bound to: 4 - type: integer 
INFO: [Synth 8-3491] module 'read_adapter_S00_AXI' declared at 'c:/FPGA/CHOICE-PUF/CHOICE_design/CHOICE_design.gen/sources_1/bd/design_pynq/ipshared/2062/hdl/read_adapter_S00_AXI.vhd:7' bound to instance 'read_adapter_S00_AXI_inst' of component 'read_adapter_S00_AXI' [c:/FPGA/CHOICE-PUF/CHOICE_design/CHOICE_design.gen/sources_1/bd/design_pynq/ipshared/2062/hdl/read_adapter.vhd:117]
INFO: [Synth 8-638] synthesizing module 'read_adapter_S00_AXI' [c:/FPGA/CHOICE-PUF/CHOICE_design/CHOICE_design.gen/sources_1/bd/design_pynq/ipshared/2062/hdl/read_adapter_S00_AXI.vhd:97]
INFO: [Synth 8-226] default block is never used [c:/FPGA/CHOICE-PUF/CHOICE_design/CHOICE_design.gen/sources_1/bd/design_pynq/ipshared/2062/hdl/read_adapter_S00_AXI.vhd:236]
INFO: [Synth 8-226] default block is never used [c:/FPGA/CHOICE-PUF/CHOICE_design/CHOICE_design.gen/sources_1/bd/design_pynq/ipshared/2062/hdl/read_adapter_S00_AXI.vhd:368]
INFO: [Synth 8-256] done synthesizing module 'read_adapter_S00_AXI' (0#1) [c:/FPGA/CHOICE-PUF/CHOICE_design/CHOICE_design.gen/sources_1/bd/design_pynq/ipshared/2062/hdl/read_adapter_S00_AXI.vhd:97]
INFO: [Synth 8-256] done synthesizing module 'read_adapter' (0#1) [c:/FPGA/CHOICE-PUF/CHOICE_design/CHOICE_design.gen/sources_1/bd/design_pynq/ipshared/2062/hdl/read_adapter.vhd:67]
INFO: [Synth 8-256] done synthesizing module 'design_pynq_read_adapter_0_0' (0#1) [c:/FPGA/CHOICE-PUF/CHOICE_design/CHOICE_design.gen/sources_1/bd/design_pynq/ip/design_pynq_read_adapter_0_0/synth/design_pynq_read_adapter_0_0.vhd:88]
WARNING: [Synth 8-7129] Port S_AXI_AWPROT[2] in module read_adapter_S00_AXI is either unconnected or has no load
WARNING: [Synth 8-7129] Port S_AXI_AWPROT[1] in module read_adapter_S00_AXI is either unconnected or has no load
WARNING: [Synth 8-7129] Port S_AXI_AWPROT[0] in module read_adapter_S00_AXI is either unconnected or has no load
WARNING: [Synth 8-7129] Port S_AXI_ARPROT[2] in module read_adapter_S00_AXI is either unconnected or has no load
WARNING: [Synth 8-7129] Port S_AXI_ARPROT[1] in module read_adapter_S00_AXI is either unconnected or has no load
WARNING: [Synth 8-7129] Port S_AXI_ARPROT[0] in module read_adapter_S00_AXI is either unconnected or has no load
---------------------------------------------------------------------------------
Finished RTL Elaboration : Time (s): cpu = 00:00:09 ; elapsed = 00:00:09 . Memory (MB): peak = 1478.402 ; gain = 552.211
---------------------------------------------------------------------------------
---------------------------------------------------------------------------------
Start Handling Custom Attributes
---------------------------------------------------------------------------------
---------------------------------------------------------------------------------
Finished Handling Custom Attributes : Time (s): cpu = 00:00:09 ; elapsed = 00:00:09 . Memory (MB): peak = 1478.402 ; gain = 552.211
---------------------------------------------------------------------------------
---------------------------------------------------------------------------------
Finished RTL Optimization Phase 1 : Time (s): cpu = 00:00:09 ; elapsed = 00:00:09 . Memory (MB): peak = 1478.402 ; gain = 552.211
---------------------------------------------------------------------------------
Netlist sorting complete. Time (s): cpu = 00:00:00 ; elapsed = 00:00:00.008 . Memory (MB): peak = 1478.402 ; gain = 0.000
INFO: [Project 1-570] Preparing netlist for logic optimization

Processing XDC Constraints
Initializing timing engine
Completed Processing XDC Constraints

Netlist sorting complete. Time (s): cpu = 00:00:00 ; elapsed = 00:00:00.001 . Memory (MB): peak = 1575.348 ; gain = 0.000
INFO: [Project 1-111] Unisim Transformation Summary:
No Unisim elements were transformed.

The system cannot find the path specified.
Constraint Validation Runtime : Time (s): cpu = 00:00:00 ; elapsed = 00:00:00.030 . Memory (MB): peak = 1575.480 ; gain = 0.133
INFO: [Designutils 20-5008] Incremental synthesis strategy off

*** Running vivado
    with args -log design_pynq_read_adapter_0_0.vds -m64 -product Vivado -mode batch -messageDb vivado.pb -notrace -source design_pynq_read_adapter_0_0.tcl


ECHO is off.
ECHO is off.

****** Vivado v2023.2 (64-bit)
  **** SW Build 4029153 on Fri Oct 13 20:14:34 MDT 2023
  **** IP Build 4028589 on Sat Oct 14 00:45:43 MDT 2023
  **** SharedData Build 4025554 on Tue Oct 10 17:18:54 MDT 2023
    ** Copyright 1986-2022 Xilinx, Inc. All Rights Reserved.
    ** Copyright 2022-2023 Advanced Micro Devices, Inc. All Rights Reserved.

source design_pynq_read_adapter_0_0.tcl -notrace
create_project: Time (s): cpu = 00:00:09 ; elapsed = 00:00:10 . Memory (MB): peak = 484.164 ; gain = 184.016
INFO: [IP_Flow 19-234] Refreshing IP repositories
INFO: [IP_Flow 19-1700] Loaded user IP repository 'c:/FPGA/CHOICE-PUF/hw_src/ip_repo'.
INFO: [IP_Flow 19-2313] Loaded Vivado IP repository 'C:/Xilinx/Vivado/2023.2/data/ip'.
INFO: [IP_Flow 19-6924] IPCACHE: Running cache check for IP inst: design_pynq_read_adapter_0_0
Command: synth_design -top design_pynq_read_adapter_0_0 -part xc7z020clg400-1 -incremental_mode off -mode out_of_context
Starting synth_design
Attempting to get a license for feature 'Synthesis' and/or device 'xc7z020'
INFO: [Common 17-349] Got license for feature 'Synthesis' and/or device 'xc7z020'
INFO: [Device 21-403] Loading part xc7z020clg400-1
INFO: [Synth 8-7079] Multithreading enabled for synth_design using a maximum of 2 processes.
INFO: [Synth 8-7078] Launching helper process for spawning children vivado processes
INFO: [Synth 8-7075] Helper process launched with PID 37348
---------------------------------------------------------------------------------
Starting RTL Elaboration : Time (s): cpu = 00:00:06 ; elapsed = 00:00:06 . Memory (MB): peak = 1365.453 ; gain = 438.918
---------------------------------------------------------------------------------
INFO: [Synth 8-638] synthesizing module 'design_pynq_read_adapter_0_0' [c:/FPGA/CHOICE-PUF/CHOICE_design/CHOICE_design.gen/sources_1/bd/design_pynq/ip/design_pynq_read_adapter_0_0/synth/design_pynq_read_adapter_0_0.vhd:88]
	Parameter C_S00_AXI_DATA_WIDTH bound to: 32 - type: integer 
	Parameter C_S00_AXI_ADDR_WIDTH bound to: 4 - type: integer 
	Parameter DATA_WIDTH bound to: 64 - type: integer 
INFO: [Synth 8-3491] module 'read_adapter' declared at 'c:/FPGA/CHOICE-PUF/CHOICE_design/CHOICE_design.gen/sources_1/bd/design_pynq/ipshared/2062/hdl/read_adapter.vhd:11' bound to instance 'U0' of component 'read_adapter' [c:/FPGA/CHOICE-PUF/CHOICE_design/CHOICE_design.gen/sources_1/bd/design_pynq/ip/design_pynq_read_adapter_0_0/synth/design_pynq_read_adapter_0_0.vhd:167]
INFO: [Synth 8-638] synthesizing module 'read_adapter' [c:/FPGA/CHOICE-PUF/CHOICE_design/CHOICE_design.gen/sources_1/bd/design_pynq/ipshared/2062/hdl/read_adapter.vhd:67]
	Parameter DATA_WIDTH bound to: 64 - type: integer 
	Parameter C_S_AXI_DATA_WIDTH bound to: 32 - type: integer 
	Parameter C_S_AXI_ADDR_WIDTH bound to: 4 - type: integer 
INFO: [Synth 8-3491] module 'read_adapter_S00_AXI' declared at 'c:/FPGA/CHOICE-PUF/CHOICE_design/CHOICE_design.gen/sources_1/bd/design_pynq/ipshared/2062/hdl/read_adapter_S00_AXI.vhd:7' bound to instance 'read_adapter_S00_AXI_inst' of component 'read_adapter_S00_AXI' [c:/FPGA/CHOICE-PUF/CHOICE_design/CHOICE_design.gen/sources_1/bd/design_pynq/ipshared/2062/hdl/read_adapter.vhd:117]
INFO: [Synth 8-638] synthesizing module 'read_adapter_S00_AXI' [c:/FPGA/CHOICE-PUF/CHOICE_design/CHOICE_design.gen/sources_1/bd/design_pynq/ipshared/2062/hdl/read_adapter_S00_AXI.vhd:97]
INFO: [Synth 8-226] default block is never used [c:/FPGA/CHOICE-PUF/CHOICE_design/CHOICE_design.gen/sources_1/bd/design_pynq/ipshared/2062/hdl/read_adapter_S00_AXI.vhd:236]
INFO: [Synth 8-226] default block is never used [c:/FPGA/CHOICE-PUF/CHOICE_design/CHOICE_design.gen/sources_1/bd/design_pynq/ipshared/2062/hdl/read_adapter_S00_AXI.vhd:368]
INFO: [Synth 8-256] done synthesizing module 'read_adapter_S00_AXI' (0#1) [c:/FPGA/CHOICE-PUF/CHOICE_design/CHOICE_design.gen/sources_1/bd/design_pynq/ipshared/2062/hdl/read_adapter_S00_AXI.vhd:97]
INFO: [Synth 8-256] done synthesizing module 'read_adapter' (0#1) [c:/FPGA/CHOICE-PUF/CHOICE_design/CHOICE_design.gen/sources_1/bd/design_pynq/ipshared/2062/hdl/read_adapter.vhd:67]
INFO: [Synth 8-256] done synthesizing module 'design_pynq_read_adapter_0_0' (0#1) [c:/FPGA/CHOICE-PUF/CHOICE_design/CHOICE_design.gen/sources_1/bd/design_pynq/ip/design_pynq_read_adapter_0_0/synth/design_pynq_read_adapter_0_0.vhd:88]
WARNING: [Synth 8-7129] Port S_AXI_AWPROT[2] in module read_adapter_S00_AXI is either unconnected or has no load
WARNING: [Synth 8-7129] Port S_AXI_AWPROT[1] in module read_adapter_S00_AXI is either unconnected or has no load
WARNING: [Synth 8-7129] Port S_AXI_AWPROT[0] in module read_adapter_S00_AXI is either unconnected or has no load
WARNING: [Synth 8-7129] Port S_AXI_ARPROT[2] in module read_adapter_S00_AXI is either unconnected or has no load
WARNING: [Synth 8-7129] Port S_AXI_ARPROT[1] in module read_adapter_S00_AXI is either unconnected or has no load
WARNING: [Synth 8-7129] Port S_AXI_ARPROT[0] in module read_adapter_S00_AXI is either unconnected or has no load
---------------------------------------------------------------------------------
Finished RTL Elaboration : Time (s): cpu = 00:00:07 ; elapsed = 00:00:08 . Memory (MB): peak = 1479.172 ; gain = 552.637
---------------------------------------------------------------------------------
---------------------------------------------------------------------------------
Start Handling Custom Attributes
---------------------------------------------------------------------------------
---------------------------------------------------------------------------------
Finished Handling Custom Attributes : Time (s): cpu = 00:00:08 ; elapsed = 00:00:08 . Memory (MB): peak = 1479.172 ; gain = 552.637
---------------------------------------------------------------------------------
---------------------------------------------------------------------------------
Finished RTL Optimization Phase 1 : Time (s): cpu = 00:00:08 ; elapsed = 00:00:08 . Memory (MB): peak = 1479.172 ; gain = 552.637
---------------------------------------------------------------------------------
Netlist sorting complete. Time (s): cpu = 00:00:00 ; elapsed = 00:00:00.007 . Memory (MB): peak = 1479.172 ; gain = 0.000
INFO: [Project 1-570] Preparing netlist for logic optimization

Processing XDC Constraints
Initializing timing engine
Completed Processing XDC Constraints

Netlist sorting complete. Time (s): cpu = 00:00:00 ; elapsed = 00:00:00.001 . Memory (MB): peak = 1561.801 ; gain = 0.000
INFO: [Project 1-111] Unisim Transformation Summary:
No Unisim elements were transformed.

The system cannot find the path specified.
Constraint Validation Runtime : Time (s): cpu = 00:00:00 ; elapsed = 00:00:00.036 . Memory (MB): peak = 1562.215 ; gain = 0.414
INFO: [Designutils 20-5008] Incremental synthesis strategy off
---------------------------------------------------------------------------------
Finished Constraint Validation : Time (s): cpu = 00:00:18 ; elapsed = 00:00:19 . Memory (MB): peak = 1562.215 ; gain = 635.680
---------------------------------------------------------------------------------
---------------------------------------------------------------------------------
Start Loading Part and Timing Information
---------------------------------------------------------------------------------
Loading part: xc7z020clg400-1
---------------------------------------------------------------------------------
Finished Loading Part and Timing Information : Time (s): cpu = 00:00:18 ; elapsed = 00:00:19 . Memory (MB): peak = 1562.215 ; gain = 635.680
---------------------------------------------------------------------------------
---------------------------------------------------------------------------------
Start Applying 'set_property' XDC Constraints
---------------------------------------------------------------------------------
---------------------------------------------------------------------------------
Finished applying 'set_property' XDC Constraints : Time (s): cpu = 00:00:18 ; elapsed = 00:00:19 . Memory (MB): peak = 1562.215 ; gain = 635.680
---------------------------------------------------------------------------------
---------------------------------------------------------------------------------
Finished RTL Optimization Phase 2 : Time (s): cpu = 00:00:18 ; elapsed = 00:00:19 . Memory (MB): peak = 1562.215 ; gain = 635.680
---------------------------------------------------------------------------------
---------------------------------------------------------------------------------
Start RTL Component Statistics 
---------------------------------------------------------------------------------
Detailed RTL Component Info : 
+---Registers : 
	               32 Bit    Registers := 5     
	                4 Bit    Registers := 2     
	                2 Bit    Registers := 2     
	                1 Bit    Registers := 7     
+---Muxes : 
	   2 Input   64 Bit        Muxes := 2     
	   2 Input   32 Bit        Muxes := 4     
	   4 Input   32 Bit        Muxes := 5     
	   2 Input    1 Bit        Muxes := 6     
	   4 Input    1 Bit        Muxes := 2     
	   5 Input    1 Bit        Muxes := 2     
---------------------------------------------------------------------------------
Finished RTL Component Statistics 
---------------------------------------------------------------------------------
---------------------------------------------------------------------------------
Start Part Resource Summary
---------------------------------------------------------------------------------
Part Resources:
DSPs: 220 (col length:60)
BRAMs: 280 (col length: RAMB18 60 RAMB36 30)
---------------------------------------------------------------------------------
Finished Part Resource Summary
---------------------------------------------------------------------------------
---------------------------------------------------------------------------------
Start Cross Boundary and Area Optimization
---------------------------------------------------------------------------------
WARNING: [Synth 8-7080] Parallel synthesis criteria is not met
WARNING: [Synth 8-7129] Port s00_axi_awprot[2] in module design_pynq_read_adapter_0_0 is either unconnected or has no load
WARNING: [Synth 8-7129] Port s00_axi_awprot[1] in module design_pynq_read_adapter_0_0 is either unconnected or has no load
WARNING: [Synth 8-7129] Port s00_axi_awprot[0] in module design_pynq_read_adapter_0_0 is either unconnected or has no load
WARNING: [Synth 8-7129] Port s00_axi_arprot[2] in module design_pynq_read_adapter_0_0 is either unconnected or has no load
WARNING: [Synth 8-7129] Port s00_axi_arprot[1] in module design_pynq_read_adapter_0_0 is either unconnected or has no load
WARNING: [Synth 8-7129] Port s00_axi_arprot[0] in module design_pynq_read_adapter_0_0 is either unconnected or has no load
---------------------------------------------------------------------------------
Finished Cross Boundary and Area Optimization : Time (s): cpu = 00:00:21 ; elapsed = 00:00:22 . Memory (MB): peak = 1562.215 ; gain = 635.680
---------------------------------------------------------------------------------
---------------------------------------------------------------------------------
Start Applying XDC Timing Constraints
---------------------------------------------------------------------------------
---------------------------------------------------------------------------------
Finished Applying XDC Timing Constraints : Time (s): cpu = 00:00:28 ; elapsed = 00:00:29 . Memory (MB): peak = 1562.215 ; gain = 635.680
---------------------------------------------------------------------------------
---------------------------------------------------------------------------------
Start Timing Optimization
---------------------------------------------------------------------------------
---------------------------------------------------------------------------------
Finished Timing Optimization : Time (s): cpu = 00:00:28 ; elapsed = 00:00:29 . Memory (MB): peak = 1562.215 ; gain = 635.680
---------------------------------------------------------------------------------
---------------------------------------------------------------------------------
Start Technology Mapping
---------------------------------------------------------------------------------
---------------------------------------------------------------------------------
Finished Technology Mapping : Time (s): cpu = 00:00:28 ; elapsed = 00:00:30 . Memory (MB): peak = 1562.215 ; gain = 635.680
---------------------------------------------------------------------------------
---------------------------------------------------------------------------------
Start IO Insertion
---------------------------------------------------------------------------------
---------------------------------------------------------------------------------
Start Flattening Before IO Insertion
---------------------------------------------------------------------------------
---------------------------------------------------------------------------------
Finished Flattening Before IO Insertion
---------------------------------------------------------------------------------
---------------------------------------------------------------------------------
Start Final Netlist Cleanup
---------------------------------------------------------------------------------
---------------------------------------------------------------------------------
Finished Final Netlist Cleanup
---------------------------------------------------------------------------------
---------------------------------------------------------------------------------
Finished IO Insertion : Time (s): cpu = 00:00:34 ; elapsed = 00:00:36 . Memory (MB): peak = 1562.215 ; gain = 635.680
---------------------------------------------------------------------------------
---------------------------------------------------------------------------------
Start Renaming Generated Instances
---------------------------------------------------------------------------------
---------------------------------------------------------------------------------
Finished Renaming Generated Instances : Time (s): cpu = 00:00:34 ; elapsed = 00:00:36 . Memory (MB): peak = 1562.215 ; gain = 635.680
---------------------------------------------------------------------------------
---------------------------------------------------------------------------------
Start Rebuilding User Hierarchy
---------------------------------------------------------------------------------
---------------------------------------------------------------------------------
Finished Rebuilding User Hierarchy : Time (s): cpu = 00:00:34 ; elapsed = 00:00:36 . Memory (MB): peak = 1562.215 ; gain = 635.680
---------------------------------------------------------------------------------
---------------------------------------------------------------------------------
Start Renaming Generated Ports
---------------------------------------------------------------------------------
---------------------------------------------------------------------------------
Finished Renaming Generated Ports : Time (s): cpu = 00:00:34 ; elapsed = 00:00:36 . Memory (MB): peak = 1562.215 ; gain = 635.680
---------------------------------------------------------------------------------
---------------------------------------------------------------------------------
Start Handling Custom Attributes
---------------------------------------------------------------------------------
---------------------------------------------------------------------------------
Finished Handling Custom Attributes : Time (s): cpu = 00:00:34 ; elapsed = 00:00:36 . Memory (MB): peak = 1562.215 ; gain = 635.680
---------------------------------------------------------------------------------
---------------------------------------------------------------------------------
Start Renaming Generated Nets
---------------------------------------------------------------------------------
---------------------------------------------------------------------------------
Finished Renaming Generated Nets : Time (s): cpu = 00:00:34 ; elapsed = 00:00:36 . Memory (MB): peak = 1562.215 ; gain = 635.680
---------------------------------------------------------------------------------
---------------------------------------------------------------------------------
Start Writing Synthesis Report
---------------------------------------------------------------------------------

Report BlackBoxes: 
+-+--------------+----------+
| |BlackBox name |Instances |
+-+--------------+----------+
+-+--------------+----------+

Report Cell Usage: 
+------+-----+------+
|      |Cell |Count |
+------+-----+------+
|1     |LUT1 |     1|
|2     |LUT2 |     4|
|3     |LUT3 |     4|
|4     |LUT4 |    21|
|5     |LUT5 |    36|
|6     |LUT6 |    67|
|7     |FDRE |   169|
|8     |FDSE |     2|
+------+-----+------+
---------------------------------------------------------------------------------
Finished Writing Synthesis Report : Time (s): cpu = 00:00:34 ; elapsed = 00:00:36 . Memory (MB): peak = 1562.215 ; gain = 635.680
---------------------------------------------------------------------------------
Synthesis finished with 0 errors, 0 critical warnings and 7 warnings.
Synthesis Optimization Runtime : Time (s): cpu = 00:00:25 ; elapsed = 00:00:34 . Memory (MB): peak = 1562.215 ; gain = 552.637
Synthesis Optimization Complete : Time (s): cpu = 00:00:35 ; elapsed = 00:00:36 . Memory (MB): peak = 1562.215 ; gain = 635.680
INFO: [Project 1-571] Translating synthesized netlist
Netlist sorting complete. Time (s): cpu = 00:00:00 ; elapsed = 00:00:00.005 . Memory (MB): peak = 1562.215 ; gain = 0.000
INFO: [Project 1-570] Preparing netlist for logic optimization
INFO: [Opt 31-138] Pushed 0 inverter(s) to 0 load pin(s).
Netlist sorting complete. Time (s): cpu = 00:00:00 ; elapsed = 00:00:00 . Memory (MB): peak = 1562.215 ; gain = 0.000
INFO: [Project 1-111] Unisim Transformation Summary:
No Unisim elements were transformed.

The system cannot find the path specified.
Synth Design complete | Checksum: 35f8b49d
INFO: [Common 17-83] Releasing license: Synthesis
27 Infos, 13 Warnings, 0 Critical Warnings and 0 Errors encountered.
synth_design completed successfully
synth_design: Time (s): cpu = 00:00:42 ; elapsed = 00:00:45 . Memory (MB): peak = 1562.215 ; gain = 1059.547
Write ShapeDB Complete: Time (s): cpu = 00:00:00 ; elapsed = 00:00:00.001 . Memory (MB): peak = 1562.215 ; gain = 0.000
INFO: [Common 17-1381] The checkpoint 'C:/FPGA/CHOICE-PUF/CHOICE_design/CHOICE_design.runs/design_pynq_read_adapter_0_0_synth_1/design_pynq_read_adapter_0_0.dcp' has been generated.
INFO: [Coretcl 2-1648] Added synthesis output to IP cache for IP design_pynq_read_adapter_0_0, cache-ID = 99fc54e5d3143243
INFO: [Coretcl 2-1174] Renamed 2 cell refs.
Write ShapeDB Complete: Time (s): cpu = 00:00:00 ; elapsed = 00:00:00 . Memory (MB): peak = 1562.215 ; gain = 0.000
INFO: [Common 17-1381] The checkpoint 'C:/FPGA/CHOICE-PUF/CHOICE_design/CHOICE_design.runs/design_pynq_read_adapter_0_0_synth_1/design_pynq_read_adapter_0_0.dcp' has been generated.
INFO: [runtcl-4] Executing : report_utilization -file design_pynq_read_adapter_0_0_utilization_synth.rpt -pb design_pynq_read_adapter_0_0_utilization_synth.pb
INFO: [Common 17-206] Exiting Vivado at Fri Apr 11 19:55:55 2025...
