
*** Running vivado
    with args -log design_pynq_write_adapter_0_0.vds -m64 -product Vivado -mode batch -messageDb vivado.pb -notrace -source design_pynq_write_adapter_0_0.tcl


ECHO is off.
ECHO is off.

****** Vivado v2023.2 (64-bit)
  **** SW Build 4029153 on Fri Oct 13 20:14:34 MDT 2023
  **** IP Build 4028589 on Sat Oct 14 00:45:43 MDT 2023
  **** SharedData Build 4025554 on Tue Oct 10 17:18:54 MDT 2023
    ** Copyright 1986-2022 Xilinx, Inc. All Rights Reserved.
    ** Copyright 2022-2023 Advanced Micro Devices, Inc. All Rights Reserved.

source design_pynq_write_adapter_0_0.tcl -notrace
create_project: Time (s): cpu = 00:00:07 ; elapsed = 00:00:07 . Memory (MB): peak = 485.996 ; gain = 187.527
INFO: [IP_Flow 19-234] Refreshing IP repositories
INFO: [IP_Flow 19-1700] Loaded user IP repository 'c:/FPGA/CHOICE-PUF/hw_src/ip_repo'.
INFO: [IP_Flow 19-2313] Loaded Vivado IP repository 'C:/Xilinx/Vivado/2023.2/data/ip'.
INFO: [IP_Flow 19-6924] IPCACHE: Running cache check for IP inst: design_pynq_write_adapter_0_0
Command: synth_design -top design_pynq_write_adapter_0_0 -part xc7z020clg400-1 -incremental_mode off -mode out_of_context
Starting synth_design
Attempting to get a license for feature 'Synthesis' and/or device 'xc7z020'
INFO: [Common 17-349] Got license for feature 'Synthesis' and/or device 'xc7z020'
INFO: [Device 21-403] Loading part xc7z020clg400-1
INFO: [Synth 8-7079] Multithreading enabled for synth_design using a maximum of 2 processes.
INFO: [Synth 8-7078] Launching helper process for spawning children vivado processes
INFO: [Synth 8-7075] Helper process launched with PID 42696
---------------------------------------------------------------------------------
Starting RTL Elaboration : Time (s): cpu = 00:00:04 ; elapsed = 00:00:05 . Memory (MB): peak = 1365.520 ; gain = 439.109
---------------------------------------------------------------------------------
INFO: [Synth 8-638] synthesizing module 'design_pynq_write_adapter_0_0' [c:/FPGA/CHOICE-PUF/CHOICE_design/CHOICE_design.gen/sources_1/bd/design_pynq/ip/design_pynq_write_adapter_0_0/synth/design_pynq_write_adapter_0_0.vhd:89]
	Parameter C_S00_AXI_DATA_WIDTH bound to: 32 - type: integer 
	Parameter C_S00_AXI_ADDR_WIDTH bound to: 4 - type: integer 
	Parameter DATA_WIDTH bound to: 128 - type: integer 
INFO: [Synth 8-3491] module 'write_adapter' declared at 'c:/FPGA/CHOICE-PUF/CHOICE_design/CHOICE_design.gen/sources_1/bd/design_pynq/ipshared/b584/hdl/write_adapter.vhd:12' bound to instance 'U0' of component 'write_adapter' [c:/FPGA/CHOICE-PUF/CHOICE_design/CHOICE_design.gen/sources_1/bd/design_pynq/ip/design_pynq_write_adapter_0_0/synth/design_pynq_write_adapter_0_0.vhd:170]
INFO: [Synth 8-638] synthesizing module 'write_adapter' [c:/FPGA/CHOICE-PUF/CHOICE_design/CHOICE_design.gen/sources_1/bd/design_pynq/ipshared/b584/hdl/write_adapter.vhd:70]
	Parameter DATA_WIDTH bound to: 128 - type: integer 
	Parameter C_S_AXI_DATA_WIDTH bound to: 32 - type: integer 
	Parameter C_S_AXI_ADDR_WIDTH bound to: 4 - type: integer 
INFO: [Synth 8-3491] module 'write_adapter_S00_AXI' declared at 'c:/FPGA/CHOICE-PUF/CHOICE_design/CHOICE_design.gen/sources_1/bd/design_pynq/ipshared/b584/hdl/write_adapter_S00_AXI.vhd:8' bound to instance 'write_adapter_S00_AXI_inst' of component 'write_adapter_S00_AXI' [c:/FPGA/CHOICE-PUF/CHOICE_design/CHOICE_design.gen/sources_1/bd/design_pynq/ipshared/b584/hdl/write_adapter.vhd:118]
INFO: [Synth 8-638] synthesizing module 'write_adapter_S00_AXI' [c:/FPGA/CHOICE-PUF/CHOICE_design/CHOICE_design.gen/sources_1/bd/design_pynq/ipshared/b584/hdl/write_adapter_S00_AXI.vhd:100]
INFO: [Synth 8-226] default block is never used [c:/FPGA/CHOICE-PUF/CHOICE_design/CHOICE_design.gen/sources_1/bd/design_pynq/ipshared/b584/hdl/write_adapter_S00_AXI.vhd:249]
INFO: [Synth 8-226] default block is never used [c:/FPGA/CHOICE-PUF/CHOICE_design/CHOICE_design.gen/sources_1/bd/design_pynq/ipshared/b584/hdl/write_adapter_S00_AXI.vhd:384]
INFO: [Synth 8-256] done synthesizing module 'write_adapter_S00_AXI' (0#1) [c:/FPGA/CHOICE-PUF/CHOICE_design/CHOICE_design.gen/sources_1/bd/design_pynq/ipshared/b584/hdl/write_adapter_S00_AXI.vhd:100]
INFO: [Synth 8-256] done synthesizing module 'write_adapter' (0#1) [c:/FPGA/CHOICE-PUF/CHOICE_design/CHOICE_design.gen/sources_1/bd/design_pynq/ipshared/b584/hdl/write_adapter.vhd:70]
INFO: [Synth 8-256] done synthesizing module 'design_pynq_write_adapter_0_0' (0#1) [c:/FPGA/CHOICE-PUF/CHOICE_design/CHOICE_design.gen/sources_1/bd/design_pynq/ip/design_pynq_write_adapter_0_0/synth/design_pynq_write_adapter_0_0.vhd:89]
WARNING: [Synth 8-6014] Unused sequential element axi_awaddr_reg was removed.  [c:/FPGA/CHOICE-PUF/CHOICE_design/CHOICE_design.gen/sources_1/bd/design_pynq/ipshared/b584/hdl/write_adapter_S00_AXI.vhd:194]
WARNING: [Synth 8-6014] Unused sequential element slv_reg0_reg was removed.  [c:/FPGA/CHOICE-PUF/CHOICE_design/CHOICE_design.gen/sources_1/bd/design_pynq/ipshared/b584/hdl/write_adapter_S00_AXI.vhd:242]
WARNING: [Synth 8-6014] Unused sequential element slv_reg1_reg was removed.  [c:/FPGA/CHOICE-PUF/CHOICE_design/CHOICE_design.gen/sources_1/bd/design_pynq/ipshared/b584/hdl/write_adapter_S00_AXI.vhd:243]
WARNING: [Synth 8-6014] Unused sequential element slv_reg2_reg was removed.  [c:/FPGA/CHOICE-PUF/CHOICE_design/CHOICE_design.gen/sources_1/bd/design_pynq/ipshared/b584/hdl/write_adapter_S00_AXI.vhd:244]
WARNING: [Synth 8-6014] Unused sequential element slv_reg3_reg was removed.  [c:/FPGA/CHOICE-PUF/CHOICE_design/CHOICE_design.gen/sources_1/bd/design_pynq/ipshared/b584/hdl/write_adapter_S00_AXI.vhd:245]
WARNING: [Synth 8-7129] Port S_AXI_AWADDR[3] in module write_adapter_S00_AXI is either unconnected or has no load
WARNING: [Synth 8-7129] Port S_AXI_AWADDR[2] in module write_adapter_S00_AXI is either unconnected or has no load
WARNING: [Synth 8-7129] Port S_AXI_AWADDR[1] in module write_adapter_S00_AXI is either unconnected or has no load
WARNING: [Synth 8-7129] Port S_AXI_AWADDR[0] in module write_adapter_S00_AXI is either unconnected or has no load
WARNING: [Synth 8-7129] Port S_AXI_AWPROT[2] in module write_adapter_S00_AXI is either unconnected or has no load
WARNING: [Synth 8-7129] Port S_AXI_AWPROT[1] in module write_adapter_S00_AXI is either unconnected or has no load
WARNING: [Synth 8-7129] Port S_AXI_AWPROT[0] in module write_adapter_S00_AXI is either unconnected or has no load
WARNING: [Synth 8-7129] Port S_AXI_WDATA[31] in module write_adapter_S00_AXI is either unconnected or has no load
WARNING: [Synth 8-7129] Port S_AXI_WDATA[30] in module write_adapter_S00_AXI is either unconnected or has no load
WARNING: [Synth 8-7129] Port S_AXI_WDATA[29] in module write_adapter_S00_AXI is either unconnected or has no load
WARNING: [Synth 8-7129] Port S_AXI_WDATA[28] in module write_adapter_S00_AXI is either unconnected or has no load
WARNING: [Synth 8-7129] Port S_AXI_WDATA[27] in module write_adapter_S00_AXI is either unconnected or has no load
WARNING: [Synth 8-7129] Port S_AXI_WDATA[26] in module write_adapter_S00_AXI is either unconnected or has no load
WARNING: [Synth 8-7129] Port S_AXI_WDATA[25] in module write_adapter_S00_AXI is either unconnected or has no load
WARNING: [Synth 8-7129] Port S_AXI_WDATA[24] in module write_adapter_S00_AXI is either unconnected or has no load
WARNING: [Synth 8-7129] Port S_AXI_WDATA[23] in module write_adapter_S00_AXI is either unconnected or has no load
WARNING: [Synth 8-7129] Port S_AXI_WDATA[22] in module write_adapter_S00_AXI is either unconnected or has no load
WARNING: [Synth 8-7129] Port S_AXI_WDATA[21] in module write_adapter_S00_AXI is either unconnected or has no load
WARNING: [Synth 8-7129] Port S_AXI_WDATA[20] in module write_adapter_S00_AXI is either unconnected or has no load
WARNING: [Synth 8-7129] Port S_AXI_WDATA[19] in module write_adapter_S00_AXI is either unconnected or has no load
WARNING: [Synth 8-7129] Port S_AXI_WDATA[18] in module write_adapter_S00_AXI is either unconnected or has no load
WARNING: [Synth 8-7129] Port S_AXI_WDATA[17] in module write_adapter_S00_AXI is either unconnected or has no load
WARNING: [Synth 8-7129] Port S_AXI_WDATA[16] in module write_adapter_S00_AXI is either unconnected or has no load
WARNING: [Synth 8-7129] Port S_AXI_WDATA[15] in module write_adapter_S00_AXI is either unconnected or has no load
WARNING: [Synth 8-7129] Port S_AXI_WDATA[14] in module write_adapter_S00_AXI is either unconnected or has no load
WARNING: [Synth 8-7129] Port S_AXI_WDATA[13] in module write_adapter_S00_AXI is either unconnected or has no load
WARNING: [Synth 8-7129] Port S_AXI_WDATA[12] in module write_adapter_S00_AXI is either unconnected or has no load
WARNING: [Synth 8-7129] Port S_AXI_WDATA[11] in module write_adapter_S00_AXI is either unconnected or has no load
WARNING: [Synth 8-7129] Port S_AXI_WDATA[10] in module write_adapter_S00_AXI is either unconnected or has no load
WARNING: [Synth 8-7129] Port S_AXI_WDATA[9] in module write_adapter_S00_AXI is either unconnected or has no load
WARNING: [Synth 8-7129] Port S_AXI_WDATA[8] in module write_adapter_S00_AXI is either unconnected or has no load
WARNING: [Synth 8-7129] Port S_AXI_WDATA[7] in module write_adapter_S00_AXI is either unconnected or has no load
WARNING: [Synth 8-7129] Port S_AXI_WDATA[6] in module write_adapter_S00_AXI is either unconnected or has no load
WARNING: [Synth 8-7129] Port S_AXI_WDATA[5] in module write_adapter_S00_AXI is either unconnected or has no load
WARNING: [Synth 8-7129] Port S_AXI_WDATA[4] in module write_adapter_S00_AXI is either unconnected or has no load
WARNING: [Synth 8-7129] Port S_AXI_WDATA[3] in module write_adapter_S00_AXI is either unconnected or has no load
WARNING: [Synth 8-7129] Port S_AXI_WDATA[2] in module write_adapter_S00_AXI is either unconnected or has no load
WARNING: [Synth 8-7129] Port S_AXI_WDATA[1] in module write_adapter_S00_AXI is either unconnected or has no load
WARNING: [Synth 8-7129] Port S_AXI_WDATA[0] in module write_adapter_S00_AXI is either unconnected or has no load
WARNING: [Synth 8-7129] Port S_AXI_WSTRB[3] in module write_adapter_S00_AXI is either unconnected or has no load
WARNING: [Synth 8-7129] Port S_AXI_WSTRB[2] in module write_adapter_S00_AXI is either unconnected or has no load
WARNING: [Synth 8-7129] Port S_AXI_WSTRB[1] in module write_adapter_S00_AXI is either unconnected or has no load
WARNING: [Synth 8-7129] Port S_AXI_WSTRB[0] in module write_adapter_S00_AXI is either unconnected or has no load
WARNING: [Synth 8-7129] Port S_AXI_ARPROT[2] in module write_adapter_S00_AXI is either unconnected or has no load
WARNING: [Synth 8-7129] Port S_AXI_ARPROT[1] in module write_adapter_S00_AXI is either unconnected or has no load
WARNING: [Synth 8-7129] Port S_AXI_ARPROT[0] in module write_adapter_S00_AXI is either unconnected or has no load
WARNING: [Synth 8-7129] Port to_dma_ready in module write_adapter_S00_AXI is either unconnected or has no load
---------------------------------------------------------------------------------
Finished RTL Elaboration : Time (s): cpu = 00:00:06 ; elapsed = 00:00:07 . Memory (MB): peak = 1479.402 ; gain = 552.992
---------------------------------------------------------------------------------
---------------------------------------------------------------------------------
Start Handling Custom Attributes
---------------------------------------------------------------------------------
---------------------------------------------------------------------------------
Finished Handling Custom Attributes : Time (s): cpu = 00:00:06 ; elapsed = 00:00:07 . Memory (MB): peak = 1479.402 ; gain = 552.992
---------------------------------------------------------------------------------
---------------------------------------------------------------------------------
Finished RTL Optimization Phase 1 : Time (s): cpu = 00:00:06 ; elapsed = 00:00:07 . Memory (MB): peak = 1479.402 ; gain = 552.992
---------------------------------------------------------------------------------
Netlist sorting complete. Time (s): cpu = 00:00:00 ; elapsed = 00:00:00.005 . Memory (MB): peak = 1479.402 ; gain = 0.000
INFO: [Project 1-570] Preparing netlist for logic optimization

Processing XDC Constraints
Initializing timing engine
Completed Processing XDC Constraints

Netlist sorting complete. Time (s): cpu = 00:00:00 ; elapsed = 00:00:00 . Memory (MB): peak = 1577.605 ; gain = 0.000
INFO: [Project 1-111] Unisim Transformation Summary:
No Unisim elements were transformed.

The system cannot find the path specified.
Constraint Validation Runtime : Time (s): cpu = 00:00:00 ; elapsed = 00:00:00.067 . Memory (MB): peak = 1577.625 ; gain = 0.020
INFO: [Designutils 20-5008] Incremental synthesis strategy off
---------------------------------------------------------------------------------
Finished Constraint Validation : Time (s): cpu = 00:00:14 ; elapsed = 00:00:15 . Memory (MB): peak = 1577.625 ; gain = 651.215
---------------------------------------------------------------------------------
---------------------------------------------------------------------------------
Start Loading Part and Timing Information
---------------------------------------------------------------------------------
Loading part: xc7z020clg400-1
---------------------------------------------------------------------------------
Finished Loading Part and Timing Information : Time (s): cpu = 00:00:14 ; elapsed = 00:00:15 . Memory (MB): peak = 1577.625 ; gain = 651.215
---------------------------------------------------------------------------------
---------------------------------------------------------------------------------
Start Applying 'set_property' XDC Constraints
---------------------------------------------------------------------------------
---------------------------------------------------------------------------------
Finished applying 'set_property' XDC Constraints : Time (s): cpu = 00:00:14 ; elapsed = 00:00:15 . Memory (MB): peak = 1577.625 ; gain = 651.215
---------------------------------------------------------------------------------
---------------------------------------------------------------------------------
Finished RTL Optimization Phase 2 : Time (s): cpu = 00:00:14 ; elapsed = 00:00:16 . Memory (MB): peak = 1577.625 ; gain = 651.215
---------------------------------------------------------------------------------
---------------------------------------------------------------------------------
Start RTL Component Statistics 
---------------------------------------------------------------------------------
Detailed RTL Component Info : 
+---Registers : 
	               32 Bit    Registers := 5     
	                4 Bit    Registers := 1     
	                2 Bit    Registers := 2     
	                1 Bit    Registers := 6     
+---Muxes : 
	   4 Input   32 Bit        Muxes := 1     
	   2 Input    1 Bit        Muxes := 4     
---------------------------------------------------------------------------------
Finished RTL Component Statistics 
---------------------------------------------------------------------------------
---------------------------------------------------------------------------------
Start Part Resource Summary
---------------------------------------------------------------------------------
Part Resources:
DSPs: 220 (col length:60)
BRAMs: 280 (col length: RAMB18 60 RAMB36 30)
---------------------------------------------------------------------------------
Finished Part Resource Summary
---------------------------------------------------------------------------------
---------------------------------------------------------------------------------
Start Cross Boundary and Area Optimization
---------------------------------------------------------------------------------
WARNING: [Synth 8-7080] Parallel synthesis criteria is not met
INFO: [Synth 8-3917] design design_pynq_write_adapter_0_0 has port to_dma_tlast driven by constant 1
WARNING: [Synth 8-7129] Port s00_axi_awaddr[3] in module design_pynq_write_adapter_0_0 is either unconnected or has no load
WARNING: [Synth 8-7129] Port s00_axi_awaddr[2] in module design_pynq_write_adapter_0_0 is either unconnected or has no load
WARNING: [Synth 8-7129] Port s00_axi_awaddr[1] in module design_pynq_write_adapter_0_0 is either unconnected or has no load
WARNING: [Synth 8-7129] Port s00_axi_awaddr[0] in module design_pynq_write_adapter_0_0 is either unconnected or has no load
WARNING: [Synth 8-7129] Port s00_axi_awprot[2] in module design_pynq_write_adapter_0_0 is either unconnected or has no load
WARNING: [Synth 8-7129] Port s00_axi_awprot[1] in module design_pynq_write_adapter_0_0 is either unconnected or has no load
WARNING: [Synth 8-7129] Port s00_axi_awprot[0] in module design_pynq_write_adapter_0_0 is either unconnected or has no load
WARNING: [Synth 8-7129] Port s00_axi_wdata[31] in module design_pynq_write_adapter_0_0 is either unconnected or has no load
WARNING: [Synth 8-7129] Port s00_axi_wdata[30] in module design_pynq_write_adapter_0_0 is either unconnected or has no load
WARNING: [Synth 8-7129] Port s00_axi_wdata[29] in module design_pynq_write_adapter_0_0 is either unconnected or has no load
WARNING: [Synth 8-7129] Port s00_axi_wdata[28] in module design_pynq_write_adapter_0_0 is either unconnected or has no load
WARNING: [Synth 8-7129] Port s00_axi_wdata[27] in module design_pynq_write_adapter_0_0 is either unconnected or has no load
WARNING: [Synth 8-7129] Port s00_axi_wdata[26] in module design_pynq_write_adapter_0_0 is either unconnected or has no load
WARNING: [Synth 8-7129] Port s00_axi_wdata[25] in module design_pynq_write_adapter_0_0 is either unconnected or has no load
WARNING: [Synth 8-7129] Port s00_axi_wdata[24] in module design_pynq_write_adapter_0_0 is either unconnected or has no load
WARNING: [Synth 8-7129] Port s00_axi_wdata[23] in module design_pynq_write_adapter_0_0 is either unconnected or has no load
WARNING: [Synth 8-7129] Port s00_axi_wdata[22] in module design_pynq_write_adapter_0_0 is either unconnected or has no load
WARNING: [Synth 8-7129] Port s00_axi_wdata[21] in module design_pynq_write_adapter_0_0 is either unconnected or has no load
WARNING: [Synth 8-7129] Port s00_axi_wdata[20] in module design_pynq_write_adapter_0_0 is either unconnected or has no load
WARNING: [Synth 8-7129] Port s00_axi_wdata[19] in module design_pynq_write_adapter_0_0 is either unconnected or has no load
WARNING: [Synth 8-7129] Port s00_axi_wdata[18] in module design_pynq_write_adapter_0_0 is either unconnected or has no load
WARNING: [Synth 8-7129] Port s00_axi_wdata[17] in module design_pynq_write_adapter_0_0 is either unconnected or has no load
WARNING: [Synth 8-7129] Port s00_axi_wdata[16] in module design_pynq_write_adapter_0_0 is either unconnected or has no load
WARNING: [Synth 8-7129] Port s00_axi_wdata[15] in module design_pynq_write_adapter_0_0 is either unconnected or has no load
WARNING: [Synth 8-7129] Port s00_axi_wdata[14] in module design_pynq_write_adapter_0_0 is either unconnected or has no load
WARNING: [Synth 8-7129] Port s00_axi_wdata[13] in module design_pynq_write_adapter_0_0 is either unconnected or has no load
WARNING: [Synth 8-7129] Port s00_axi_wdata[12] in module design_pynq_write_adapter_0_0 is either unconnected or has no load
WARNING: [Synth 8-7129] Port s00_axi_wdata[11] in module design_pynq_write_adapter_0_0 is either unconnected or has no load
WARNING: [Synth 8-7129] Port s00_axi_wdata[10] in module design_pynq_write_adapter_0_0 is either unconnected or has no load
WARNING: [Synth 8-7129] Port s00_axi_wdata[9] in module design_pynq_write_adapter_0_0 is either unconnected or has no load
WARNING: [Synth 8-7129] Port s00_axi_wdata[8] in module design_pynq_write_adapter_0_0 is either unconnected or has no load
WARNING: [Synth 8-7129] Port s00_axi_wdata[7] in module design_pynq_write_adapter_0_0 is either unconnected or has no load
WARNING: [Synth 8-7129] Port s00_axi_wdata[6] in module design_pynq_write_adapter_0_0 is either unconnected or has no load
WARNING: [Synth 8-7129] Port s00_axi_wdata[5] in module design_pynq_write_adapter_0_0 is either unconnected or has no load
WARNING: [Synth 8-7129] Port s00_axi_wdata[4] in module design_pynq_write_adapter_0_0 is either unconnected or has no load
WARNING: [Synth 8-7129] Port s00_axi_wdata[3] in module design_pynq_write_adapter_0_0 is either unconnected or has no load
WARNING: [Synth 8-7129] Port s00_axi_wdata[2] in module design_pynq_write_adapter_0_0 is either unconnected or has no load
WARNING: [Synth 8-7129] Port s00_axi_wdata[1] in module design_pynq_write_adapter_0_0 is either unconnected or has no load
WARNING: [Synth 8-7129] Port s00_axi_wdata[0] in module design_pynq_write_adapter_0_0 is either unconnected or has no load
WARNING: [Synth 8-7129] Port s00_axi_wstrb[3] in module design_pynq_write_adapter_0_0 is either unconnected or has no load
WARNING: [Synth 8-7129] Port s00_axi_wstrb[2] in module design_pynq_write_adapter_0_0 is either unconnected or has no load
WARNING: [Synth 8-7129] Port s00_axi_wstrb[1] in module design_pynq_write_adapter_0_0 is either unconnected or has no load
WARNING: [Synth 8-7129] Port s00_axi_wstrb[0] in module design_pynq_write_adapter_0_0 is either unconnected or has no load
WARNING: [Synth 8-7129] Port s00_axi_arprot[2] in module design_pynq_write_adapter_0_0 is either unconnected or has no load
WARNING: [Synth 8-7129] Port s00_axi_arprot[1] in module design_pynq_write_adapter_0_0 is either unconnected or has no load
WARNING: [Synth 8-7129] Port s00_axi_arprot[0] in module design_pynq_write_adapter_0_0 is either unconnected or has no load
WARNING: [Synth 8-7129] Port to_dma_ready in module design_pynq_write_adapter_0_0 is either unconnected or has no load
---------------------------------------------------------------------------------
Finished Cross Boundary and Area Optimization : Time (s): cpu = 00:00:15 ; elapsed = 00:00:17 . Memory (MB): peak = 1577.625 ; gain = 651.215
---------------------------------------------------------------------------------
---------------------------------------------------------------------------------
Start Applying XDC Timing Constraints
---------------------------------------------------------------------------------
---------------------------------------------------------------------------------
Finished Applying XDC Timing Constraints : Time (s): cpu = 00:00:20 ; elapsed = 00:00:22 . Memory (MB): peak = 1577.625 ; gain = 651.215
---------------------------------------------------------------------------------
---------------------------------------------------------------------------------
Start Timing Optimization
---------------------------------------------------------------------------------
---------------------------------------------------------------------------------
Finished Timing Optimization : Time (s): cpu = 00:00:20 ; elapsed = 00:00:22 . Memory (MB): peak = 1577.625 ; gain = 651.215
---------------------------------------------------------------------------------
---------------------------------------------------------------------------------
Start Technology Mapping
---------------------------------------------------------------------------------
---------------------------------------------------------------------------------
Finished Technology Mapping : Time (s): cpu = 00:00:20 ; elapsed = 00:00:22 . Memory (MB): peak = 1577.625 ; gain = 651.215
---------------------------------------------------------------------------------
---------------------------------------------------------------------------------
Start IO Insertion
---------------------------------------------------------------------------------
---------------------------------------------------------------------------------
Start Flattening Before IO Insertion
---------------------------------------------------------------------------------
---------------------------------------------------------------------------------
Finished Flattening Before IO Insertion
---------------------------------------------------------------------------------
---------------------------------------------------------------------------------
Start Final Netlist Cleanup
---------------------------------------------------------------------------------
---------------------------------------------------------------------------------
Finished Final Netlist Cleanup
---------------------------------------------------------------------------------
---------------------------------------------------------------------------------
Finished IO Insertion : Time (s): cpu = 00:00:25 ; elapsed = 00:00:27 . Memory (MB): peak = 1577.625 ; gain = 651.215
---------------------------------------------------------------------------------
---------------------------------------------------------------------------------
Start Renaming Generated Instances
---------------------------------------------------------------------------------
---------------------------------------------------------------------------------
Finished Renaming Generated Instances : Time (s): cpu = 00:00:25 ; elapsed = 00:00:27 . Memory (MB): peak = 1577.625 ; gain = 651.215
---------------------------------------------------------------------------------
---------------------------------------------------------------------------------
Start Rebuilding User Hierarchy
---------------------------------------------------------------------------------
---------------------------------------------------------------------------------
Finished Rebuilding User Hierarchy : Time (s): cpu = 00:00:25 ; elapsed = 00:00:27 . Memory (MB): peak = 1577.625 ; gain = 651.215
---------------------------------------------------------------------------------
---------------------------------------------------------------------------------
Start Renaming Generated Ports
---------------------------------------------------------------------------------
---------------------------------------------------------------------------------
Finished Renaming Generated Ports : Time (s): cpu = 00:00:25 ; elapsed = 00:00:27 . Memory (MB): peak = 1577.625 ; gain = 651.215
---------------------------------------------------------------------------------
---------------------------------------------------------------------------------
Start Handling Custom Attributes
---------------------------------------------------------------------------------
---------------------------------------------------------------------------------
Finished Handling Custom Attributes : Time (s): cpu = 00:00:25 ; elapsed = 00:00:27 . Memory (MB): peak = 1577.625 ; gain = 651.215
---------------------------------------------------------------------------------
---------------------------------------------------------------------------------
Start Renaming Generated Nets
---------------------------------------------------------------------------------
---------------------------------------------------------------------------------
Finished Renaming Generated Nets : Time (s): cpu = 00:00:25 ; elapsed = 00:00:27 . Memory (MB): peak = 1577.625 ; gain = 651.215
---------------------------------------------------------------------------------
---------------------------------------------------------------------------------
Start Writing Synthesis Report
---------------------------------------------------------------------------------

Report BlackBoxes: 
+-+--------------+----------+
| |BlackBox name |Instances |
+-+--------------+----------+
+-+--------------+----------+

Report Cell Usage: 
+------+-----+------+
|      |Cell |Count |
+------+-----+------+
|1     |LUT1 |     1|
|2     |LUT2 |     2|
|3     |LUT3 |     3|
|4     |LUT4 |     3|
|5     |LUT5 |     1|
|6     |LUT6 |    33|
|7     |FDRE |   166|
|8     |FDSE |     2|
+------+-----+------+
---------------------------------------------------------------------------------
Finished Writing Synthesis Report : Time (s): cpu = 00:00:25 ; elapsed = 00:00:27 . Memory (MB): peak = 1577.625 ; gain = 651.215
---------------------------------------------------------------------------------
Synthesis finished with 0 errors, 0 critical warnings and 48 warnings.
Synthesis Optimization Runtime : Time (s): cpu = 00:00:18 ; elapsed = 00:00:25 . Memory (MB): peak = 1577.625 ; gain = 552.992
Synthesis Optimization Complete : Time (s): cpu = 00:00:26 ; elapsed = 00:00:27 . Memory (MB): peak = 1577.625 ; gain = 651.215
INFO: [Project 1-571] Translating synthesized netlist
Netlist sorting complete. Time (s): cpu = 00:00:00 ; elapsed = 00:00:00.003 . Memory (MB): peak = 1577.625 ; gain = 0.000
INFO: [Project 1-570] Preparing netlist for logic optimization
INFO: [Opt 31-138] Pushed 0 inverter(s) to 0 load pin(s).
Netlist sorting complete. Time (s): cpu = 00:00:00 ; elapsed = 00:00:00 . Memory (MB): peak = 1577.625 ; gain = 0.000
INFO: [Project 1-111] Unisim Transformation Summary:
No Unisim elements were transformed.

The system cannot find the path specified.
Synth Design complete | Checksum: ed6febf3
INFO: [Common 17-83] Releasing license: Synthesis
28 Infos, 100 Warnings, 0 Critical Warnings and 0 Errors encountered.
synth_design completed successfully
synth_design: Time (s): cpu = 00:00:31 ; elapsed = 00:00:33 . Memory (MB): peak = 1577.625 ; gain = 1075.328
Write ShapeDB Complete: Time (s): cpu = 00:00:00 ; elapsed = 00:00:00.002 . Memory (MB): peak = 1577.625 ; gain = 0.000
INFO: [Common 17-1381] The checkpoint 'C:/FPGA/CHOICE-PUF/CHOICE_design/CHOICE_design.runs/design_pynq_write_adapter_0_0_synth_1/design_pynq_write_adapter_0_0.dcp' has been generated.
INFO: [Coretcl 2-1648] Added synthesis output to IP cache for IP design_pynq_write_adapter_0_0, cache-ID = 9b933e72ded96aef
INFO: [Coretcl 2-1174] Renamed 2 cell refs.
Write ShapeDB Complete: Time (s): cpu = 00:00:00 ; elapsed = 00:00:00.002 . Memory (MB): peak = 1577.625 ; gain = 0.000
INFO: [Common 17-1381] The checkpoint 'C:/FPGA/CHOICE-PUF/CHOICE_design/CHOICE_design.runs/design_pynq_write_adapter_0_0_synth_1/design_pynq_write_adapter_0_0.dcp' has been generated.
INFO: [runtcl-4] Executing : report_utilization -file design_pynq_write_adapter_0_0_utilization_synth.rpt -pb design_pynq_write_adapter_0_0_utilization_synth.pb
INFO: [Common 17-206] Exiting Vivado at Mon Apr 14 17:05:19 2025...
